Archive member included because of file (symbol)

/home/null/bcall2/build/bin/../cache/core/core_adafruit_samd_adafruit_feather_m0_073ec18e77f7e9ea5c3ca3ee503fe1c2.a(IPAddress.cpp.o)
                              /home/null/bcall2/build/bin/libraries/WiFi101/WiFi.cpp.o (IPAddress::IPAddress())
/home/null/bcall2/build/bin/../cache/core/core_adafruit_samd_adafruit_feather_m0_073ec18e77f7e9ea5c3ca3ee503fe1c2.a(Print.cpp.o)
                              /home/null/bcall2/build/bin/libraries/WiFi101/WiFiClient.cpp.o (Print::write(unsigned char const*, unsigned int))
/home/null/bcall2/build/bin/../cache/core/core_adafruit_samd_adafruit_feather_m0_073ec18e77f7e9ea5c3ca3ee503fe1c2.a(SERCOM.cpp.o)
                              /home/null/bcall2/build/bin/core/variant.cpp.o (SERCOM::SERCOM(Sercom*))
/home/null/bcall2/build/bin/../cache/core/core_adafruit_samd_adafruit_feather_m0_073ec18e77f7e9ea5c3ca3ee503fe1c2.a(CDC.cpp.o)
                              /home/null/bcall2/build/bin/sketch/embedded.ino.cpp.o (Serial_::begin(unsigned long))
/home/null/bcall2/build/bin/../cache/core/core_adafruit_samd_adafruit_feather_m0_073ec18e77f7e9ea5c3ca3ee503fe1c2.a(USBCore.cpp.o)
                              /home/null/bcall2/build/bin/../cache/core/core_adafruit_samd_adafruit_feather_m0_073ec18e77f7e9ea5c3ca3ee503fe1c2.a(CDC.cpp.o) (USBDeviceClass::available(unsigned long))
/home/null/bcall2/build/bin/../cache/core/core_adafruit_samd_adafruit_feather_m0_073ec18e77f7e9ea5c3ca3ee503fe1c2.a(Uart.cpp.o)
                              /home/null/bcall2/build/bin/core/variant.cpp.o (Uart::Uart(SERCOM*, unsigned char, unsigned char, SercomRXPad, SercomUartTXPad))
/home/null/bcall2/build/bin/../cache/core/core_adafruit_samd_adafruit_feather_m0_073ec18e77f7e9ea5c3ca3ee503fe1c2.a(WInterrupts.c.o)
                              /home/null/bcall2/build/bin/libraries/WiFi101/bsp/source/nm_bsp_arduino.c.o (attachInterrupt)
/home/null/bcall2/build/bin/../cache/core/core_adafruit_samd_adafruit_feather_m0_073ec18e77f7e9ea5c3ca3ee503fe1c2.a(WString.cpp.o)
                              /home/null/bcall2/build/bin/sketch/embedded.ino.cpp.o (String::~String())
/home/null/bcall2/build/bin/../cache/core/core_adafruit_samd_adafruit_feather_m0_073ec18e77f7e9ea5c3ca3ee503fe1c2.a(abi.cpp.o)
                              /home/null/bcall2/build/bin/libraries/WiFi101/WiFiClient.cpp.o (__cxa_pure_virtual)
/home/null/bcall2/build/bin/../cache/core/core_adafruit_samd_adafruit_feather_m0_073ec18e77f7e9ea5c3ca3ee503fe1c2.a(dtostrf.c.o)
                              /home/null/bcall2/build/bin/../cache/core/core_adafruit_samd_adafruit_feather_m0_073ec18e77f7e9ea5c3ca3ee503fe1c2.a(WString.cpp.o) (dtostrf)
/home/null/bcall2/build/bin/../cache/core/core_adafruit_samd_adafruit_feather_m0_073ec18e77f7e9ea5c3ca3ee503fe1c2.a(cortex_handlers.c.o)
                              (Reset_Handler)
/home/null/bcall2/build/bin/../cache/core/core_adafruit_samd_adafruit_feather_m0_073ec18e77f7e9ea5c3ca3ee503fe1c2.a(delay.c.o)
                              /home/null/bcall2/build/bin/sketch/embedded.ino.cpp.o (millis)
/home/null/bcall2/build/bin/../cache/core/core_adafruit_samd_adafruit_feather_m0_073ec18e77f7e9ea5c3ca3ee503fe1c2.a(hooks.c.o)
                              /home/null/bcall2/build/bin/../cache/core/core_adafruit_samd_adafruit_feather_m0_073ec18e77f7e9ea5c3ca3ee503fe1c2.a(cortex_handlers.c.o) (sysTickHook)
/home/null/bcall2/build/bin/../cache/core/core_adafruit_samd_adafruit_feather_m0_073ec18e77f7e9ea5c3ca3ee503fe1c2.a(itoa.c.o)
                              /home/null/bcall2/build/bin/../cache/core/core_adafruit_samd_adafruit_feather_m0_073ec18e77f7e9ea5c3ca3ee503fe1c2.a(WString.cpp.o) (ltoa)
/home/null/bcall2/build/bin/../cache/core/core_adafruit_samd_adafruit_feather_m0_073ec18e77f7e9ea5c3ca3ee503fe1c2.a(main.cpp.o)
                              /home/null/bcall2/lib/arduino-1.8.6/portable/packages/arduino/tools/arm-none-eabi-gcc/4.8.3-2014q1/bin/../lib/gcc/arm-none-eabi/4.8.3/../../../../arm-none-eabi/lib/armv6-m/crt0.o (main)
/home/null/bcall2/build/bin/../cache/core/core_adafruit_samd_adafruit_feather_m0_073ec18e77f7e9ea5c3ca3ee503fe1c2.a(new.cpp.o)
                              /home/null/bcall2/build/bin/../cache/core/core_adafruit_samd_adafruit_feather_m0_073ec18e77f7e9ea5c3ca3ee503fe1c2.a(USBCore.cpp.o) (operator new(unsigned int))
/home/null/bcall2/build/bin/../cache/core/core_adafruit_samd_adafruit_feather_m0_073ec18e77f7e9ea5c3ca3ee503fe1c2.a(startup.c.o)
                              /home/null/bcall2/build/bin/../cache/core/core_adafruit_samd_adafruit_feather_m0_073ec18e77f7e9ea5c3ca3ee503fe1c2.a(cortex_handlers.c.o) (SystemInit)
/home/null/bcall2/build/bin/../cache/core/core_adafruit_samd_adafruit_feather_m0_073ec18e77f7e9ea5c3ca3ee503fe1c2.a(wiring.c.o)
                              /home/null/bcall2/build/bin/../cache/core/core_adafruit_samd_adafruit_feather_m0_073ec18e77f7e9ea5c3ca3ee503fe1c2.a(main.cpp.o) (init)
[...]
Memory Configuration

Name             Origin             Length             Attributes
FLASH            0x0000000000002000 0x000000000003e000 xr
RAM              0x0000000020000000 0x0000000000008000 xrw
*default*        0x0000000000000000 0xffffffffffffffff

Linker script and memory map

LOAD /home/null/bcall2/lib/arduino-1.8.6/portable/packages/arduino/tools/arm-none-eabi-gcc/4.8.3-2014q1/bin/../lib/gcc/arm-none-eabi/4.8.3/armv6-m/crti.o
LOAD /home/null/bcall2/lib/arduino-1.8.6/portable/packages/arduino/tools/arm-none-eabi-gcc/4.8.3-2014q1/bin/../lib/gcc/arm-none-eabi/4.8.3/armv6-m/crtbegin.o
LOAD /home/null/bcall2/lib/arduino-1.8.6/portable/packages/arduino/tools/arm-none-eabi-gcc/4.8.3-2014q1/bin/../lib/gcc/arm-none-eabi/4.8.3/../../../../arm-none-eabi/lib/armv6-m/crt0.o
LOAD /home/null/bcall2/build/bin/sketch/embedded.ino.cpp.o
LOAD /home/null/bcall2/build/bin/libraries/Scheduler/Scheduler.cpp.o
LOAD /home/null/bcall2/build/bin/libraries/WiFi101/WiFi.cpp.o
LOAD /home/null/bcall2/build/bin/libraries/WiFi101/WiFiClient.cpp.o
LOAD /home/null/bcall2/build/bin/libraries/WiFi101/WiFiMDNSResponder.cpp.o
LOAD /home/null/bcall2/build/bin/libraries/WiFi101/WiFiSSLClient.cpp.o
LOAD /home/null/bcall2/build/bin/libraries/WiFi101/WiFiServer.cpp.o
LOAD /home/null/bcall2/build/bin/libraries/WiFi101/WiFiUdp.cpp.o
LOAD /home/null/bcall2/build/bin/libraries/WiFi101/bsp/source/nm_bsp_arduino.c.o
LOAD /home/null/bcall2/build/bin/libraries/WiFi101/bsp/source/nm_bsp_arduino_avr.c.o
LOAD /home/null/bcall2/build/bin/libraries/WiFi101/bus_wrapper/source/nm_bus_wrapper_samd21.cpp.o
LOAD /home/null/bcall2/build/bin/libraries/WiFi101/common/source/nm_common.c.o
LOAD /home/null/bcall2/build/bin/libraries/WiFi101/driver/source/m2m_ate_mode.c.o
LOAD /home/null/bcall2/build/bin/libraries/WiFi101/driver/source/m2m_crypto.c.o
LOAD /home/null/bcall2/build/bin/libraries/WiFi101/driver/source/m2m_hif.c.o
LOAD /home/null/bcall2/build/bin/libraries/WiFi101/driver/source/m2m_ota.c.o
LOAD /home/null/bcall2/build/bin/libraries/WiFi101/driver/source/m2m_periph.c.o
LOAD /home/null/bcall2/build/bin/libraries/WiFi101/driver/source/m2m_ssl.c.o
LOAD /home/null/bcall2/build/bin/libraries/WiFi101/driver/source/m2m_wifi.c.o
LOAD /home/null/bcall2/build/bin/libraries/WiFi101/driver/source/nmasic.c.o
LOAD /home/null/bcall2/build/bin/libraries/WiFi101/driver/source/nmbus.c.o
LOAD /home/null/bcall2/build/bin/libraries/WiFi101/driver/source/nmdrv.c.o
LOAD /home/null/bcall2/build/bin/libraries/WiFi101/driver/source/nmi2c.c.o
LOAD /home/null/bcall2/build/bin/libraries/WiFi101/driver/source/nmspi.c.o
LOAD /home/null/bcall2/build/bin/libraries/WiFi101/driver/source/nmuart.c.o
LOAD /home/null/bcall2/build/bin/libraries/WiFi101/socket/source/socket.c.o
LOAD /home/null/bcall2/build/bin/libraries/WiFi101/spi_flash/source/spi_flash.c.o
LOAD /home/null/bcall2/build/bin/libraries/WiFi101/utility/WiFiSocket.cpp.o
LOAD /home/null/bcall2/build/bin/libraries/SPI/SPI.cpp.o
LOAD /home/null/bcall2/build/bin/core/variant.cpp.o
START GROUP
LOAD /home/null/bcall2/lib/arduino-1.8.6/portable/packages/arduino/tools/CMSIS/4.5.0/CMSIS/Lib/GCC//libarm_cortexM0l_math.a
LOAD /home/null/bcall2/lib/arduino-1.8.6/portable/packages/arduino/tools/arm-none-eabi-gcc/4.8.3-2014q1/bin/../lib/gcc/arm-none-eabi/4.8.3/../../../../arm-none-eabi/lib/armv6-m/libm.a
LOAD /home/null/bcall2/build/bin/../cache/core/core_adafruit_samd_adafruit_feather_m0_073ec18e77f7e9ea5c3ca3ee503fe1c2.a
END GROUP
START GROUP
LOAD /home/null/bcall2/lib/arduino-1.8.6/portable/packages/arduino/tools/arm-none-eabi-gcc/4.8.3-2014q1/bin/../lib/gcc/arm-none-eabi/4.8.3/armv6-m/libgcc.a
LOAD /home/null/bcall2/lib/arduino-1.8.6/portable/packages/arduino/tools/arm-none-eabi-gcc/4.8.3-2014q1/bin/../lib/gcc/arm-none-eabi/4.8.3/../../../../arm-none-eabi/lib/armv6-m/libc_s.a
END GROUP
START GROUP
LOAD /home/null/bcall2/lib/arduino-1.8.6/portable/packages/arduino/tools/arm-none-eabi-gcc/4.8.3-2014q1/bin/../lib/gcc/arm-none-eabi/4.8.3/armv6-m/libgcc.a
LOAD /home/null/bcall2/lib/arduino-1.8.6/portable/packages/arduino/tools/arm-none-eabi-gcc/4.8.3-2014q1/bin/../lib/gcc/arm-none-eabi/4.8.3/../../../../arm-none-eabi/lib/armv6-m/libc_s.a
LOAD /home/null/bcall2/lib/arduino-1.8.6/portable/packages/arduino/tools/arm-none-eabi-gcc/4.8.3-2014q1/bin/../lib/gcc/arm-none-eabi/4.8.3/../../../../arm-none-eabi/lib/armv6-m/libnosys.a
END GROUP
START GROUP
LOAD /home/null/bcall2/lib/arduino-1.8.6/portable/packages/arduino/tools/arm-none-eabi-gcc/4.8.3-2014q1/bin/../lib/gcc/arm-none-eabi/4.8.3/armv6-m/libgcc.a
LOAD /home/null/bcall2/lib/arduino-1.8.6/portable/packages/arduino/tools/arm-none-eabi-gcc/4.8.3-2014q1/bin/../lib/gcc/arm-none-eabi/4.8.3/../../../../arm-none-eabi/lib/armv6-m/libc_s.a
LOAD /home/null/bcall2/lib/arduino-1.8.6/portable/packages/arduino/tools/arm-none-eabi-gcc/4.8.3-2014q1/bin/../lib/gcc/arm-none-eabi/4.8.3/../../../../arm-none-eabi/lib/armv6-m/libnosys.a
END GROUP
LOAD /home/null/bcall2/lib/arduino-1.8.6/portable/packages/arduino/tools/arm-none-eabi-gcc/4.8.3-2014q1/bin/../lib/gcc/arm-none-eabi/4.8.3/armv6-m/crtend.o
LOAD /home/null/bcall2/lib/arduino-1.8.6/portable/packages/arduino/tools/arm-none-eabi-gcc/4.8.3-2014q1/bin/../lib/gcc/arm-none-eabi/4.8.3/armv6-m/crtn.o

.text           0x0000000000002000     0xa8e0
                0x0000000000002000                __text_start__ = .
 *(.sketch_boot)
                0x0000000000002000                . = ALIGN (0x2000)
 *(.isr_vector)
 .isr_vector    0x0000000000002000       0xb4 /home/null/bcall2/build/bin/../cache/core/core_adafruit_samd_adafruit_feather_m0_073ec18e77f7e9ea5c3ca3ee503fe1c2.a(cortex_handlers.c.o)
                0x0000000000002000                exception_table
 *(.text*)
 .text          0x00000000000020b4       0x60 /home/null/bcall2/lib/arduino-1.8.6/portable/packages/arduino/tools/arm-none-eabi-gcc/4.8.3-2014q1/bin/../lib/gcc/arm-none-eabi/4.8.3/armv6-m/crtbegin.o
 .text._ZN5QListIPcED2Ev
                0x0000000000002114       0x20 /home/null/bcall2/build/bin/sketch/embedded.ino.cpp.o
                0x0000000000002114                QList<char*>::~QList()
                0x0000000000002114                QList<char*>::~QList()
 .text._Z5blinki
                0x0000000000002134       0x1c /home/null/bcall2/build/bin/sketch/embedded.ino.cpp.o
                0x0000000000002134                blink(int)
 .text._Z11wificonnectv
                0x0000000000002150       0x64 /home/null/bcall2/build/bin/sketch/embedded.ino.cpp.o
                0x0000000000002150                wificonnect()
 .text._Z8pinSetUpv
                0x00000000000021b4       0x24 /home/null/bcall2/build/bin/sketch/embedded.ino.cpp.o
                0x00000000000021b4                pinSetUp()
 .text._Z8getMyMACv
                0x00000000000021d8       0x50 /home/null/bcall2/build/bin/sketch/embedded.ino.cpp.o
                0x00000000000021d8                getMyMAC()
 .text.startup._GLOBAL__sub_I_netSSID
                0x0000000000002228       0x74 /home/null/bcall2/build/bin/sketch/embedded.ino.cpp.o
 .text._Z13serverconnectv
                0x000000000000229c       0xc8 /home/null/bcall2/build/bin/sketch/embedded.ino.cpp.o
                0x000000000000229c                serverconnect()
 .text.setup    0x0000000000002364       0x48 /home/null/bcall2/build/bin/sketch/embedded.ino.cpp.o
                0x0000000000002364                setup
 .text._Z9phoneHomePc
                0x00000000000023ac       0x60 /home/null/bcall2/build/bin/sketch/embedded.ino.cpp.o
                0x00000000000023ac                phoneHome(char*)
 .text._Z6mkCommiPc
                0x000000000000240c       0xec /home/null/bcall2/build/bin/sketch/embedded.ino.cpp.o
                0x000000000000240c                mkComm(int, char*)
 .text._Z9readInputi
                0x00000000000024f8       0x60 /home/null/bcall2/build/bin/sketch/embedded.ino.cpp.o
                0x00000000000024f8                readInput(int)
 .text._Z7watcheri
                0x0000000000002558       0x20 /home/null/bcall2/build/bin/sketch/embedded.ino.cpp.o
                0x0000000000002558                watcher(int)
 .text.loop     0x0000000000002578       0x44 /home/null/bcall2/build/bin/sketch/embedded.ino.cpp.o
                0x0000000000002578                loop
 .text.coopDoYield
                0x00000000000025bc       0x30 /home/null/bcall2/build/bin/libraries/Scheduler/Scheduler.cpp.o
 .text.coopInit
                0x00000000000025ec       0x20 /home/null/bcall2/build/bin/libraries/Scheduler/Scheduler.cpp.o
 .text.coopSchedule
                0x000000000000260c       0x38 /home/null/bcall2/build/bin/libraries/Scheduler/Scheduler.cpp.o
 .text.yield    0x0000000000002644       0x10 /home/null/bcall2/build/bin/libraries/Scheduler/Scheduler.cpp.o
                0x0000000000002644                yield
 .text.startup._GLOBAL__sub_I_yield
                0x0000000000002654        0x8 /home/null/bcall2/build/bin/libraries/Scheduler/Scheduler.cpp.o
 .text._ZL10resolve_cbPhm
                0x000000000000265c        0xc /home/null/bcall2/build/bin/libraries/WiFi101/WiFi.cpp.o
 .text._ZL9socket_cbahPv
                0x0000000000002668        0x8 /home/null/bcall2/build/bin/libraries/WiFi101/WiFi.cpp.o
 .text._ZN9WiFiClass7setPinsEaaaa
                0x0000000000002670       0x2c /home/null/bcall2/build/bin/libraries/WiFi101/WiFi.cpp.o
                0x0000000000002670                WiFiClass::setPins(signed char, signed char, signed char, signed char)
 .text._ZN9WiFiClass4initEv
                0x000000000000269c       0xe0 /home/null/bcall2/build/bin/libraries/WiFi101/WiFi.cpp.o
                0x000000000000269c                WiFiClass::init()
 .text._ZN9WiFiClass5beginEv
                0x000000000000277c       0x8c /home/null/bcall2/build/bin/libraries/WiFi101/WiFi.cpp.o
                0x000000000000277c                WiFiClass::begin()
 .text._ZN9WiFiClass12startConnectEPKchPKv
                0x0000000000002808       0xb0 /home/null/bcall2/build/bin/libraries/WiFi101/WiFi.cpp.o
                0x0000000000002808                WiFiClass::startConnect(char const*, unsigned char, void const*)
 .text._ZN9WiFiClass5beginEPKcS1_
                0x00000000000028b8        0xc /home/null/bcall2/build/bin/libraries/WiFi101/WiFi.cpp.o
                0x00000000000028b8                WiFiClass::begin(char const*, char const*)
 .text._ZN9WiFiClass14startProvisionEPKcS1_h
                0x00000000000028c4       0xc4 /home/null/bcall2/build/bin/libraries/WiFi101/WiFi.cpp.o
                0x00000000000028c4                WiFiClass::startProvision(char const*, char const*, unsigned char)
 .text._ZN9WiFiClass10macAddressEPh
                0x0000000000002988       0x26 /home/null/bcall2/build/bin/libraries/WiFi101/WiFi.cpp.o
                0x0000000000002988                WiFiClass::macAddress(unsigned char*)
 .text._ZN9WiFiClass6statusEv
                0x00000000000029ae       0x1a /home/null/bcall2/build/bin/libraries/WiFi101/WiFi.cpp.o
                0x00000000000029ae                WiFiClass::status()
 .text._ZN9WiFiClass14beginProvisionEh
                0x00000000000029c8       0x44 /home/null/bcall2/build/bin/libraries/WiFi101/WiFi.cpp.o
                0x00000000000029c8                WiFiClass::beginProvision(unsigned char)
 .text._ZN9WiFiClass14beginProvisionEv
                0x0000000000002a0c        0xa /home/null/bcall2/build/bin/libraries/WiFi101/WiFi.cpp.o
                0x0000000000002a0c                WiFiClass::beginProvision()
 *fill*         0x0000000000002a16        0x2 
 .text._ZN9WiFiClass11handleEventEhPv
                0x0000000000002a18      0x20c /home/null/bcall2/build/bin/libraries/WiFi101/WiFi.cpp.o
                0x0000000000002a18                WiFiClass::handleEvent(unsigned char, void*)
 .text._ZL7wifi_cbhPv
                0x0000000000002c24       0x14 /home/null/bcall2/build/bin/libraries/WiFi101/WiFi.cpp.o
 .text._ZN9WiFiClass10hostByNameEPKcR9IPAddress
                0x0000000000002c38       0x90 /home/null/bcall2/build/bin/libraries/WiFi101/WiFi.cpp.o
                0x0000000000002c38                WiFiClass::hostByName(char const*, IPAddress&)
 .text.startup._GLOBAL__sub_I__ZN9WiFiClass11handleEventEhPv
                0x0000000000002cc8       0x30 /home/null/bcall2/build/bin/libraries/WiFi101/WiFi.cpp.o
 .text._ZN5Print17availableForWriteEv
                0x0000000000002cf8        0x4 /home/null/bcall2/build/bin/libraries/WiFi101/WiFiClient.cpp.o
                0x0000000000002cf8                Print::availableForWrite()
 .text._ZN10WiFiClient5writeEh
                0x0000000000002cfc       0x14 /home/null/bcall2/build/bin/libraries/WiFi101/WiFiClient.cpp.o
                0x0000000000002cfc                WiFiClient::write(unsigned char)
 .text._ZN10WiFiClient4readEv
                0x0000000000002d10       0x1e /home/null/bcall2/build/bin/libraries/WiFi101/WiFiClient.cpp.o
                0x0000000000002d10                WiFiClient::read()
 .text._ZN10WiFiClient5flushEv
                0x0000000000002d2e        0x2 /home/null/bcall2/build/bin/libraries/WiFi101/WiFiClient.cpp.o
                0x0000000000002d2e                WiFiClient::flush()
 .text._ZN10WiFiClientcvbEv
                0x0000000000002d30        0xe /home/null/bcall2/build/bin/libraries/WiFi101/WiFiClient.cpp.o
                0x0000000000002d30                WiFiClient::operator bool()
 *fill*         0x0000000000002d3e        0x2 
 .text._ZN10WiFiClient4stopEv
                0x0000000000002d40       0x1c /home/null/bcall2/build/bin/libraries/WiFi101/WiFiClient.cpp.o
                0x0000000000002d40                WiFiClient::stop()
 .text._ZN10WiFiClient9availableEv
                0x0000000000002d5c       0x18 /home/null/bcall2/build/bin/libraries/WiFi101/WiFiClient.cpp.o
                0x0000000000002d5c                WiFiClient::available()
 .text._ZN10WiFiClient4readEPhj
                0x0000000000002d74       0x30 /home/null/bcall2/build/bin/libraries/WiFi101/WiFiClient.cpp.o
                0x0000000000002d74                WiFiClient::read(unsigned char*, unsigned int)
 .text._ZN10WiFiClient4peekEv
                0x0000000000002da4       0x24 /home/null/bcall2/build/bin/libraries/WiFi101/WiFiClient.cpp.o
                0x0000000000002da4                WiFiClient::peek()
 .text._ZN10WiFiClient9connectedEv
                0x0000000000002dc8       0x1c /home/null/bcall2/build/bin/libraries/WiFi101/WiFiClient.cpp.o
                0x0000000000002dc8                WiFiClient::connected()
 .text._ZN10WiFiClient8remoteIPEv
                0x0000000000002de4       0x28 /home/null/bcall2/build/bin/libraries/WiFi101/WiFiClient.cpp.o
                0x0000000000002de4                WiFiClient::remoteIP()
 .text._ZN10WiFiClient10remotePortEv
                0x0000000000002e0c       0x30 /home/null/bcall2/build/bin/libraries/WiFi101/WiFiClient.cpp.o
                0x0000000000002e0c                WiFiClient::remotePort()
 .text._ZN10WiFiClient5writeEPKhj
                0x0000000000002e3c       0x40 /home/null/bcall2/build/bin/libraries/WiFi101/WiFiClient.cpp.o
                0x0000000000002e3c                WiFiClient::write(unsigned char const*, unsigned int)
 .text._ZN10WiFiClientC2Ev
                0x0000000000002e7c       0x1c /home/null/bcall2/build/bin/libraries/WiFi101/WiFiClient.cpp.o
                0x0000000000002e7c                WiFiClient::WiFiClient()
                0x0000000000002e7c                WiFiClient::WiFiClient()
 .text._ZN10WiFiClient7connectE9IPAddressthPKh
                0x0000000000002e98       0x90 /home/null/bcall2/build/bin/libraries/WiFi101/WiFiClient.cpp.o
                0x0000000000002e98                WiFiClient::connect(IPAddress, unsigned short, unsigned char, unsigned char const*)
 .text._ZN10WiFiClient7connectE9IPAddresst
                0x0000000000002f28       0x1c /home/null/bcall2/build/bin/libraries/WiFi101/WiFiClient.cpp.o
                0x0000000000002f28                WiFiClient::connect(IPAddress, unsigned short)
 .text._ZN10WiFiClient7connectEPKcth
                0x0000000000002f44       0x44 /home/null/bcall2/build/bin/libraries/WiFi101/WiFiClient.cpp.o
                0x0000000000002f44                WiFiClient::connect(char const*, unsigned short, unsigned char)
 .text._ZN10WiFiClient7connectEPKct
                0x0000000000002f88        0xa /home/null/bcall2/build/bin/libraries/WiFi101/WiFiClient.cpp.o
                0x0000000000002f88                WiFiClient::connect(char const*, unsigned short)
 *fill*         0x0000000000002f92        0x2 
 .text.startup._GLOBAL__sub_I__ZN10WiFiClientC2Ev
                0x0000000000002f94       0x18 /home/null/bcall2/build/bin/libraries/WiFi101/WiFiClient.cpp.o
 .text.startup._GLOBAL__sub_I__ZN17WiFiMDNSResponderC2Ev
                0x0000000000002fac       0x18 /home/null/bcall2/build/bin/libraries/WiFi101/WiFiMDNSResponder.cpp.o
 .text.startup._GLOBAL__sub_I__ZN13WiFiSSLClientC2Ev
                0x0000000000002fc4       0x18 /home/null/bcall2/build/bin/libraries/WiFi101/WiFiSSLClient.cpp.o
 .text.startup._GLOBAL__sub_I__ZN10WiFiServerC2Et
                0x0000000000002fdc       0x18 /home/null/bcall2/build/bin/libraries/WiFi101/WiFiServer.cpp.o
 .text.startup._GLOBAL__sub_I__ZN7WiFiUDPC2Ev
                0x0000000000002ff4       0x18 /home/null/bcall2/build/bin/libraries/WiFi101/WiFiUdp.cpp.o
 .text.chip_isr
                0x000000000000300c       0x14 /home/null/bcall2/build/bin/libraries/WiFi101/bsp/source/nm_bsp_arduino.c.o
 .text.attachInterruptMultiArch
                0x0000000000003020        0x8 /home/null/bcall2/build/bin/libraries/WiFi101/bsp/source/nm_bsp_arduino.c.o
                0x0000000000003020                attachInterruptMultiArch
 .text.detachInterruptMultiArch
                0x0000000000003028        0x8 /home/null/bcall2/build/bin/libraries/WiFi101/bsp/source/nm_bsp_arduino.c.o
                0x0000000000003028                detachInterruptMultiArch
 .text.nm_bsp_sleep
                0x0000000000003030       0x14 /home/null/bcall2/build/bin/libraries/WiFi101/bsp/source/nm_bsp_arduino.c.o
                0x0000000000003030                nm_bsp_sleep
 .text.nm_bsp_reset
                0x0000000000003044       0x30 /home/null/bcall2/build/bin/libraries/WiFi101/bsp/source/nm_bsp_arduino.c.o
                0x0000000000003044                nm_bsp_reset
 .text.nm_bsp_init
                0x0000000000003074       0x58 /home/null/bcall2/build/bin/libraries/WiFi101/bsp/source/nm_bsp_arduino.c.o
                0x0000000000003074                nm_bsp_init
 .text.nm_bsp_register_isr
                0x00000000000030cc       0x24 /home/null/bcall2/build/bin/libraries/WiFi101/bsp/source/nm_bsp_arduino.c.o
                0x00000000000030cc                nm_bsp_register_isr
 .text.nm_bsp_interrupt_ctrl
                0x00000000000030f0       0x28 /home/null/bcall2/build/bin/libraries/WiFi101/bsp/source/nm_bsp_arduino.c.o
                0x00000000000030f0                nm_bsp_interrupt_ctrl
 .text.nm_bus_init
                0x0000000000003118       0x34 /home/null/bcall2/build/bin/libraries/WiFi101/bus_wrapper/source/nm_bus_wrapper_samd21.cpp.o
                0x0000000000003118                nm_bus_init
 .text.nm_bus_ioctl
                0x000000000000314c       0x98 /home/null/bcall2/build/bin/libraries/WiFi101/bus_wrapper/source/nm_bus_wrapper_samd21.cpp.o
                0x000000000000314c                nm_bus_ioctl
 .text.nm_bus_deinit
                0x00000000000031e4       0x10 /home/null/bcall2/build/bin/libraries/WiFi101/bus_wrapper/source/nm_bus_wrapper_samd21.cpp.o
                0x00000000000031e4                nm_bus_deinit
 .text.startup._GLOBAL__sub_I_egstrNmBusCapabilities
                0x00000000000031f4       0x18 /home/null/bcall2/build/bin/libraries/WiFi101/bus_wrapper/source/nm_bus_wrapper_samd21.cpp.o
 .text.m2m_memcpy
                0x000000000000320c       0x12 /home/null/bcall2/build/bin/libraries/WiFi101/common/source/nm_common.c.o
                0x000000000000320c                m2m_memcpy
 .text.m2m_memset
                0x000000000000321e       0x10 /home/null/bcall2/build/bin/libraries/WiFi101/common/source/nm_common.c.o
                0x000000000000321e                m2m_memset
 .text.m2m_strlen
                0x000000000000322e       0x14 /home/null/bcall2/build/bin/libraries/WiFi101/common/source/nm_common.c.o
                0x000000000000322e                m2m_strlen
 *fill*         0x0000000000003242        0x2 
 .text.isr      0x0000000000003244       0x10 /home/null/bcall2/build/bin/libraries/WiFi101/driver/source/m2m_hif.c.o
 .text.m2m_hif_cb
                0x0000000000003254        0x2 /home/null/bcall2/build/bin/libraries/WiFi101/driver/source/m2m_hif.c.o
 *fill*         0x0000000000003256        0x2 
 .text.hif_set_rx_done
                0x0000000000003258       0x3c /home/null/bcall2/build/bin/libraries/WiFi101/driver/source/m2m_hif.c.o
 .text.hif_chip_wake
                0x0000000000003294       0x34 /home/null/bcall2/build/bin/libraries/WiFi101/driver/source/m2m_hif.c.o
                0x0000000000003294                hif_chip_wake
 .text.hif_chip_sleep_sc
                0x00000000000032c8       0x18 /home/null/bcall2/build/bin/libraries/WiFi101/driver/source/m2m_hif.c.o
                0x00000000000032c8                hif_chip_sleep_sc
 .text.hif_chip_sleep
                0x00000000000032e0       0x2c /home/null/bcall2/build/bin/libraries/WiFi101/driver/source/m2m_hif.c.o
                0x00000000000032e0                hif_chip_sleep
 .text.hif_init
                0x000000000000330c       0x28 /home/null/bcall2/build/bin/libraries/WiFi101/driver/source/m2m_hif.c.o
                0x000000000000330c                hif_init
 .text.hif_send
                0x0000000000003334      0x190 /home/null/bcall2/build/bin/libraries/WiFi101/driver/source/m2m_hif.c.o
                0x0000000000003334                hif_send
 .text.hif_handle_isr
                0x00000000000034c4      0x160 /home/null/bcall2/build/bin/libraries/WiFi101/driver/source/m2m_hif.c.o
                0x00000000000034c4                hif_handle_isr
 .text.hif_receive
                0x0000000000003624       0x58 /home/null/bcall2/build/bin/libraries/WiFi101/driver/source/m2m_hif.c.o
                0x0000000000003624                hif_receive
 .text.hif_register_cb
                0x000000000000367c       0x3c /home/null/bcall2/build/bin/libraries/WiFi101/driver/source/m2m_hif.c.o
                0x000000000000367c                hif_register_cb
 .text.get_gpio_idx
                0x00000000000036b8       0x3a /home/null/bcall2/build/bin/libraries/WiFi101/driver/source/m2m_periph.c.o
 .text.m2m_periph_gpio_set_dir
                0x00000000000036f2       0x28 /home/null/bcall2/build/bin/libraries/WiFi101/driver/source/m2m_periph.c.o
                0x00000000000036f2                m2m_periph_gpio_set_dir
 .text.m2m_periph_gpio_set_val
                0x000000000000371a       0x28 /home/null/bcall2/build/bin/libraries/WiFi101/driver/source/m2m_periph.c.o
                0x000000000000371a                m2m_periph_gpio_set_val
 .text.m2m_ssl_set_active_ciphersuites
                0x0000000000003742       0x1c /home/null/bcall2/build/bin/libraries/WiFi101/driver/source/m2m_ssl.c.o
                0x0000000000003742                m2m_ssl_set_active_ciphersuites
 *fill*         0x000000000000375e        0x2 
 .text.m2m_wifi_cb
                0x0000000000003760      0x188 /home/null/bcall2/build/bin/libraries/WiFi101/driver/source/m2m_wifi.c.o
 .text.m2m_validate_ap_parameters
                0x00000000000038e8       0x96 /home/null/bcall2/build/bin/libraries/WiFi101/driver/source/m2m_wifi.c.o
 *fill*         0x000000000000397e        0x2 
 .text.m2m_wifi_init
                0x0000000000003980       0x70 /home/null/bcall2/build/bin/libraries/WiFi101/driver/source/m2m_wifi.c.o
                0x0000000000003980                m2m_wifi_init
 .text.m2m_wifi_handle_events
                0x00000000000039f0        0x8 /home/null/bcall2/build/bin/libraries/WiFi101/driver/source/m2m_wifi.c.o
                0x00000000000039f0                m2m_wifi_handle_events
 .text.m2m_wifi_default_connect
                0x00000000000039f8       0x18 /home/null/bcall2/build/bin/libraries/WiFi101/driver/source/m2m_wifi.c.o
                0x00000000000039f8                m2m_wifi_default_connect
 .text.m2m_wifi_connect_sc
                0x0000000000003a10      0x10c /home/null/bcall2/build/bin/libraries/WiFi101/driver/source/m2m_wifi.c.o
                0x0000000000003a10                m2m_wifi_connect_sc
 .text.m2m_wifi_connect
                0x0000000000003b1c       0x12 /home/null/bcall2/build/bin/libraries/WiFi101/driver/source/m2m_wifi.c.o
                0x0000000000003b1c                m2m_wifi_connect
 .text.m2m_wifi_get_mac_address
                0x0000000000003b2e       0x1e /home/null/bcall2/build/bin/libraries/WiFi101/driver/source/m2m_wifi.c.o
                0x0000000000003b2e                m2m_wifi_get_mac_address
 .text.m2m_wifi_start_provision_mode
                0x0000000000003b4c       0x94 /home/null/bcall2/build/bin/libraries/WiFi101/driver/source/m2m_wifi.c.o
                0x0000000000003b4c                m2m_wifi_start_provision_mode
 .text.m2m_wifi_get_connection_info
                0x0000000000003be0       0x18 /home/null/bcall2/build/bin/libraries/WiFi101/driver/source/m2m_wifi.c.o
                0x0000000000003be0                m2m_wifi_get_connection_info
 .text.chip_apply_conf
                0x0000000000003bf8       0x2c /home/null/bcall2/build/bin/libraries/WiFi101/driver/source/nmasic.c.o
                0x0000000000003bf8                chip_apply_conf
 .text.enable_interrupts
                0x0000000000003c24       0x50 /home/null/bcall2/build/bin/libraries/WiFi101/driver/source/nmasic.c.o
                0x0000000000003c24                enable_interrupts
 .text.nmi_get_chipid
                0x0000000000003c74       0xac /home/null/bcall2/build/bin/libraries/WiFi101/driver/source/nmasic.c.o
                0x0000000000003c74                nmi_get_chipid
 .text.chip_sleep
                0x0000000000003d20       0x5e /home/null/bcall2/build/bin/libraries/WiFi101/driver/source/nmasic.c.o
                0x0000000000003d20                chip_sleep
 .text.chip_wake
                0x0000000000003d7e       0x7c /home/null/bcall2/build/bin/libraries/WiFi101/driver/source/nmasic.c.o
                0x0000000000003d7e                chip_wake
 *fill*         0x0000000000003dfa        0x2 
 .text.wait_for_bootrom
                0x0000000000003dfc       0xd0 /home/null/bcall2/build/bin/libraries/WiFi101/driver/source/nmasic.c.o
                0x0000000000003dfc                wait_for_bootrom
 .text.wait_for_firmware_start
                0x0000000000003ecc       0x60 /home/null/bcall2/build/bin/libraries/WiFi101/driver/source/nmasic.c.o
                0x0000000000003ecc                wait_for_firmware_start
 .text.chip_deinit
                0x0000000000003f2c       0x2c /home/null/bcall2/build/bin/libraries/WiFi101/driver/source/nmasic.c.o
                0x0000000000003f2c                chip_deinit
 .text.set_gpio_dir
                0x0000000000003f58       0x34 /home/null/bcall2/build/bin/libraries/WiFi101/driver/source/nmasic.c.o
                0x0000000000003f58                set_gpio_dir
 .text.set_gpio_val
                0x0000000000003f8c       0x34 /home/null/bcall2/build/bin/libraries/WiFi101/driver/source/nmasic.c.o
                0x0000000000003f8c                set_gpio_val
 .text.nmi_get_mac_address
                0x0000000000003fc0       0x74 /home/null/bcall2/build/bin/libraries/WiFi101/driver/source/nmasic.c.o
                0x0000000000003fc0                nmi_get_mac_address
 .text.nm_bus_iface_init
                0x0000000000004034        0x8 /home/null/bcall2/build/bin/libraries/WiFi101/driver/source/nmbus.c.o
                0x0000000000004034                nm_bus_iface_init
 .text.nm_bus_iface_deinit
                0x000000000000403c        0x8 /home/null/bcall2/build/bin/libraries/WiFi101/driver/source/nmbus.c.o
                0x000000000000403c                nm_bus_iface_deinit
 .text.nm_bus_reset
                0x0000000000004044        0x8 /home/null/bcall2/build/bin/libraries/WiFi101/driver/source/nmbus.c.o
                0x0000000000004044                nm_bus_reset
 .text.nm_read_reg
                0x000000000000404c        0x8 /home/null/bcall2/build/bin/libraries/WiFi101/driver/source/nmbus.c.o
                0x000000000000404c                nm_read_reg
 .text.nm_read_reg_with_ret
                0x0000000000004054        0x8 /home/null/bcall2/build/bin/libraries/WiFi101/driver/source/nmbus.c.o
                0x0000000000004054                nm_read_reg_with_ret
 .text.nm_write_reg
                0x000000000000405c        0x8 /home/null/bcall2/build/bin/libraries/WiFi101/driver/source/nmbus.c.o
                0x000000000000405c                nm_write_reg
 .text.nm_read_block
                0x0000000000004064       0x40 /home/null/bcall2/build/bin/libraries/WiFi101/driver/source/nmbus.c.o
                0x0000000000004064                nm_read_block
 .text.nm_write_block
                0x00000000000040a4       0x40 /home/null/bcall2/build/bin/libraries/WiFi101/driver/source/nmbus.c.o
                0x00000000000040a4                nm_write_block
 .text.nm_get_firmware_info
                0x00000000000040e4       0xac /home/null/bcall2/build/bin/libraries/WiFi101/driver/source/nmdrv.c.o
                0x00000000000040e4                nm_get_firmware_info
 .text.nm_get_firmware_full_info
                0x0000000000004190       0xb4 /home/null/bcall2/build/bin/libraries/WiFi101/driver/source/nmdrv.c.o
                0x0000000000004190                nm_get_firmware_full_info
 .text.nm_drv_init
                0x0000000000004244       0x70 /home/null/bcall2/build/bin/libraries/WiFi101/driver/source/nmdrv.c.o
                0x0000000000004244                nm_drv_init
 .text.nm_drv_deinit
                0x00000000000042b4       0x22 /home/null/bcall2/build/bin/libraries/WiFi101/driver/source/nmdrv.c.o
                0x00000000000042b4                nm_drv_deinit
 .text.nmi_spi_write
                0x00000000000042d6       0x18 /home/null/bcall2/build/bin/libraries/WiFi101/driver/source/nmspi.c.o
 .text.nmi_spi_read
                0x00000000000042ee       0x18 /home/null/bcall2/build/bin/libraries/WiFi101/driver/source/nmspi.c.o
 .text.spi_cmd_rsp
                0x0000000000004306       0x68 /home/null/bcall2/build/bin/libraries/WiFi101/driver/source/nmspi.c.o
 *fill*         0x000000000000436e        0x2 
 .text.spi_data_read
                0x0000000000004370       0x8c /home/null/bcall2/build/bin/libraries/WiFi101/driver/source/nmspi.c.o
 .text.spi_cmd  0x00000000000043fc      0x108 /home/null/bcall2/build/bin/libraries/WiFi101/driver/source/nmspi.c.o
 .text.spi_write_reg
                0x0000000000004504       0x66 /home/null/bcall2/build/bin/libraries/WiFi101/driver/source/nmspi.c.o
 .text.spi_read_reg
                0x000000000000456a       0x94 /home/null/bcall2/build/bin/libraries/WiFi101/driver/source/nmspi.c.o
 .text.nm_spi_reset
                0x00000000000045fe       0x1c /home/null/bcall2/build/bin/libraries/WiFi101/driver/source/nmspi.c.o
                0x00000000000045fe                nm_spi_reset
 *fill*         0x000000000000461a        0x2 
 .text.nm_spi_deinit
                0x000000000000461c        0xc /home/null/bcall2/build/bin/libraries/WiFi101/driver/source/nmspi.c.o
                0x000000000000461c                nm_spi_deinit
 .text.nm_spi_read_reg
                0x0000000000004628        0xc /home/null/bcall2/build/bin/libraries/WiFi101/driver/source/nmspi.c.o
                0x0000000000004628                nm_spi_read_reg
 .text.nm_spi_read_reg_with_ret
                0x0000000000004634       0x14 /home/null/bcall2/build/bin/libraries/WiFi101/driver/source/nmspi.c.o
                0x0000000000004634                nm_spi_read_reg_with_ret
 .text.nm_spi_write_reg
                0x0000000000004648       0x14 /home/null/bcall2/build/bin/libraries/WiFi101/driver/source/nmspi.c.o
                0x0000000000004648                nm_spi_write_reg
 .text.nm_spi_init
                0x000000000000465c       0x80 /home/null/bcall2/build/bin/libraries/WiFi101/driver/source/nmspi.c.o
                0x000000000000465c                nm_spi_init
 .text.nm_spi_read_block
                0x00000000000046dc       0xa2 /home/null/bcall2/build/bin/libraries/WiFi101/driver/source/nmspi.c.o
                0x00000000000046dc                nm_spi_read_block
 *fill*         0x000000000000477e        0x2 
 .text.nm_spi_write_block
                0x0000000000004780      0x10c /home/null/bcall2/build/bin/libraries/WiFi101/driver/source/nmspi.c.o
                0x0000000000004780                nm_spi_write_block
 .text.m2m_ip_cb
                0x000000000000488c      0x29c /home/null/bcall2/build/bin/libraries/WiFi101/socket/source/socket.c.o
 .text.socketInit
                0x0000000000004b28       0x38 /home/null/bcall2/build/bin/libraries/WiFi101/socket/source/socket.c.o
                0x0000000000004b28                socketInit
 .text.registerSocketCallback
                0x0000000000004b60       0x14 /home/null/bcall2/build/bin/libraries/WiFi101/socket/source/socket.c.o
                0x0000000000004b60                registerSocketCallback
 .text.socket   0x0000000000004b74       0xe8 /home/null/bcall2/build/bin/libraries/WiFi101/socket/source/socket.c.o
                0x0000000000004b74                socket
 .text.connect  0x0000000000004c5c       0x70 /home/null/bcall2/build/bin/libraries/WiFi101/socket/source/socket.c.o
                0x0000000000004c5c                connect
 .text.send     0x0000000000004ccc       0x94 /home/null/bcall2/build/bin/libraries/WiFi101/socket/source/socket.c.o
                0x0000000000004ccc                send
 .text.recv     0x0000000000004d60       0x78 /home/null/bcall2/build/bin/libraries/WiFi101/socket/source/socket.c.o
                0x0000000000004d60                recv
 .text.close    0x0000000000004dd8       0x60 /home/null/bcall2/build/bin/libraries/WiFi101/socket/source/socket.c.o
                0x0000000000004dd8                close
 .text.recvfrom
                0x0000000000004e38       0x7c /home/null/bcall2/build/bin/libraries/WiFi101/socket/source/socket.c.o
                0x0000000000004e38                recvfrom
 .text.gethostbyname
                0x0000000000004eb4       0x2e /home/null/bcall2/build/bin/libraries/WiFi101/socket/source/socket.c.o
                0x0000000000004eb4                gethostbyname
 *fill*         0x0000000000004ee2        0x2 
 .text.setsockopt
                0x0000000000004ee4      0x118 /home/null/bcall2/build/bin/libraries/WiFi101/socket/source/socket.c.o
                0x0000000000004ee4                setsockopt
 .text.spi_flash_enable
                0x0000000000004ffc       0xd8 /home/null/bcall2/build/bin/libraries/WiFi101/spi_flash/source/spi_flash.c.o
                0x0000000000004ffc                spi_flash_enable
 .text._ZN15WiFiSocketClassD2Ev
                0x00000000000050d4        0xc /home/null/bcall2/build/bin/libraries/WiFi101/utility/WiFiSocket.cpp.o
                0x00000000000050d4                WiFiSocketClass::~WiFiSocketClass()
                0x00000000000050d4                WiFiSocketClass::~WiFiSocketClass()
 .text._ZN15WiFiSocketClassD0Ev
                0x00000000000050e0       0x18 /home/null/bcall2/build/bin/libraries/WiFi101/utility/WiFiSocket.cpp.o
                0x00000000000050e0                WiFiSocketClass::~WiFiSocketClass()
 .text._ZN15WiFiSocketClassC2Ev
                0x00000000000050f8       0x2c /home/null/bcall2/build/bin/libraries/WiFi101/utility/WiFiSocket.cpp.o
                0x00000000000050f8                WiFiSocketClass::WiFiSocketClass()
                0x00000000000050f8                WiFiSocketClass::WiFiSocketClass()
 .text._ZN15WiFiSocketClass6createEthh
                0x0000000000005124       0x22 /home/null/bcall2/build/bin/libraries/WiFi101/utility/WiFiSocket.cpp.o
                0x0000000000005124                WiFiSocketClass::create(unsigned short, unsigned char, unsigned char)
 .text._ZN15WiFiSocketClass6setoptEahhPKvt
                0x0000000000005146       0x18 /home/null/bcall2/build/bin/libraries/WiFi101/utility/WiFiSocket.cpp.o
                0x0000000000005146                WiFiSocketClass::setopt(signed char, unsigned char, unsigned char, void const*, unsigned short)
 *fill*         0x000000000000515e        0x2 
 .text._ZN15WiFiSocketClass7connectEaP8sockaddrh
                0x0000000000005160       0x7c /home/null/bcall2/build/bin/libraries/WiFi101/utility/WiFiSocket.cpp.o
                0x0000000000005160                WiFiSocketClass::connect(signed char, sockaddr*, unsigned char)
 .text._ZN15WiFiSocketClass9connectedEa
                0x00000000000051dc       0x1e /home/null/bcall2/build/bin/libraries/WiFi101/utility/WiFiSocket.cpp.o
                0x00000000000051dc                WiFiSocketClass::connected(signed char)
 .text._ZN15WiFiSocketClass9availableEa
                0x00000000000051fa       0x2e /home/null/bcall2/build/bin/libraries/WiFi101/utility/WiFiSocket.cpp.o
                0x00000000000051fa                WiFiSocketClass::available(signed char)
 .text._ZN15WiFiSocketClass8remoteIPEa
                0x0000000000005228       0x14 /home/null/bcall2/build/bin/libraries/WiFi101/utility/WiFiSocket.cpp.o
                0x0000000000005228                WiFiSocketClass::remoteIP(signed char)
 .text._ZN15WiFiSocketClass10remotePortEa
                0x000000000000523c        0xa /home/null/bcall2/build/bin/libraries/WiFi101/utility/WiFiSocket.cpp.o
                0x000000000000523c                WiFiSocketClass::remotePort(signed char)
 *fill*         0x0000000000005246        0x2 
 .text._ZN15WiFiSocketClass5writeEaPKhj
                0x0000000000005248       0x6c /home/null/bcall2/build/bin/libraries/WiFi101/utility/WiFiSocket.cpp.o
                0x0000000000005248                WiFiSocketClass::write(signed char, unsigned char const*, unsigned int)
 .text._ZN15WiFiSocketClass5closeEa
                0x00000000000052b4       0x62 /home/null/bcall2/build/bin/libraries/WiFi101/utility/WiFiSocket.cpp.o
                0x00000000000052b4                WiFiSocketClass::close(signed char)
 .text._ZN15WiFiSocketClass14fillRecvBufferEa
                0x0000000000005316       0x78 /home/null/bcall2/build/bin/libraries/WiFi101/utility/WiFiSocket.cpp.o
                0x0000000000005316                WiFiSocketClass::fillRecvBuffer(signed char)
 .text._ZN15WiFiSocketClass4peekEa
                0x000000000000538e       0x5e /home/null/bcall2/build/bin/libraries/WiFi101/utility/WiFiSocket.cpp.o
                0x000000000000538e                WiFiSocketClass::peek(signed char)
 .text._ZN15WiFiSocketClass4readEaPhj
                0x00000000000053ec       0xe8 /home/null/bcall2/build/bin/libraries/WiFi101/utility/WiFiSocket.cpp.o
                0x00000000000053ec                WiFiSocketClass::read(signed char, unsigned char*, unsigned int)
 .text._ZN15WiFiSocketClass11handleEventEahPv
                0x00000000000054d4      0x116 /home/null/bcall2/build/bin/libraries/WiFi101/utility/WiFiSocket.cpp.o
                0x00000000000054d4                WiFiSocketClass::handleEvent(signed char, unsigned char, void*)
 *fill*         0x00000000000055ea        0x2 
 .text._ZN15WiFiSocketClass13eventCallbackEahPv
                0x00000000000055ec       0x18 /home/null/bcall2/build/bin/libraries/WiFi101/utility/WiFiSocket.cpp.o
                0x00000000000055ec                WiFiSocketClass::eventCallback(signed char, unsigned char, void*)
 .text.startup._GLOBAL__sub_I__ZN15WiFiSocketClassC2Ev
                0x0000000000005604       0x34 /home/null/bcall2/build/bin/libraries/WiFi101/utility/WiFiSocket.cpp.o
 .text._ZN8SPIClass4initEv
                0x0000000000005638       0x12 /home/null/bcall2/build/bin/libraries/SPI/SPI.cpp.o
                0x0000000000005638                SPIClass::init()
 .text._ZN8SPIClass6configE11SPISettings
                0x000000000000564a       0x36 /home/null/bcall2/build/bin/libraries/SPI/SPI.cpp.o
                0x000000000000564a                SPIClass::config(SPISettings)
 .text._ZN8SPIClass5beginEv
                0x0000000000005680       0x50 /home/null/bcall2/build/bin/libraries/SPI/SPI.cpp.o
                0x0000000000005680                SPIClass::begin()
 .text._ZN8SPIClass3endEv
                0x00000000000056d0       0x10 /home/null/bcall2/build/bin/libraries/SPI/SPI.cpp.o
                0x00000000000056d0                SPIClass::end()
 .text._ZN8SPIClass16beginTransactionE11SPISettings
                0x00000000000056e0       0x38 /home/null/bcall2/build/bin/libraries/SPI/SPI.cpp.o
                0x00000000000056e0                SPIClass::beginTransaction(SPISettings)
 .text._ZN8SPIClass14endTransactionEv
                0x0000000000005718       0x24 /home/null/bcall2/build/bin/libraries/SPI/SPI.cpp.o
                0x0000000000005718                SPIClass::endTransaction()
 .text._ZN8SPIClass8transferEh
                0x000000000000573c        0xa /home/null/bcall2/build/bin/libraries/SPI/SPI.cpp.o
                0x000000000000573c                SPIClass::transfer(unsigned char)
 *fill*         0x0000000000005746        0x2 
 .text.startup._GLOBAL__sub_I__ZN8SPIClassC2EP6SERCOMhhh14SercomSpiTXPad11SercomRXPad
                0x0000000000005748       0x38 /home/null/bcall2/build/bin/libraries/SPI/SPI.cpp.o
 .text.SERCOM0_Handler
                0x0000000000005780       0x10 /home/null/bcall2/build/bin/core/variant.cpp.o
                0x0000000000005780                SERCOM0_Handler
 .text.SERCOM5_Handler
                0x0000000000005790       0x10 /home/null/bcall2/build/bin/core/variant.cpp.o
                0x0000000000005790                SERCOM5_Handler
 .text.startup._GLOBAL__sub_I_g_APinDescription
                0x00000000000057a0       0x94 /home/null/bcall2/build/bin/core/variant.cpp.o
 .text._ZNK9IPAddress7printToER5Print
                0x0000000000005834       0x3c /home/null/bcall2/build/bin/../cache/core/core_adafruit_samd_adafruit_feather_m0_073ec18e77f7e9ea5c3ca3ee503fe1c2.a(IPAddress.cpp.o)
                0x0000000000005834                IPAddress::printTo(Print&) const
 .text._ZN9IPAddressC2Ev
                0x0000000000005870       0x10 /home/null/bcall2/build/bin/../cache/core/core_adafruit_samd_adafruit_feather_m0_073ec18e77f7e9ea5c3ca3ee503fe1c2.a(IPAddress.cpp.o)
                0x0000000000005870                IPAddress::IPAddress()
                0x0000000000005870                IPAddress::IPAddress()
 .text._ZN9IPAddressC2Ehhhh
                0x0000000000005880       0x1c /home/null/bcall2/build/bin/../cache/core/core_adafruit_samd_adafruit_feather_m0_073ec18e77f7e9ea5c3ca3ee503fe1c2.a(IPAddress.cpp.o)
                0x0000000000005880                IPAddress::IPAddress(unsigned char, unsigned char, unsigned char, unsigned char)
                0x0000000000005880                IPAddress::IPAddress(unsigned char, unsigned char, unsigned char, unsigned char)
 .text._ZN9IPAddressC2Em
                0x000000000000589c       0x10 /home/null/bcall2/build/bin/../cache/core/core_adafruit_samd_adafruit_feather_m0_073ec18e77f7e9ea5c3ca3ee503fe1c2.a(IPAddress.cpp.o)
                0x000000000000589c                IPAddress::IPAddress(unsigned long)
                0x000000000000589c                IPAddress::IPAddress(unsigned long)
 .text._ZN9IPAddress10fromStringEPKc
                0x00000000000058ac       0x4c /home/null/bcall2/build/bin/../cache/core/core_adafruit_samd_adafruit_feather_m0_073ec18e77f7e9ea5c3ca3ee503fe1c2.a(IPAddress.cpp.o)
                0x00000000000058ac                IPAddress::fromString(char const*)
 .text._ZN9IPAddressaSEm
                0x00000000000058f8        0x4 /home/null/bcall2/build/bin/../cache/core/core_adafruit_samd_adafruit_feather_m0_073ec18e77f7e9ea5c3ca3ee503fe1c2.a(IPAddress.cpp.o)
                0x00000000000058f8                IPAddress::operator=(unsigned long)
 .text.startup._GLOBAL__sub_I__ZN9IPAddressC2Ev
                0x00000000000058fc       0x1c /home/null/bcall2/build/bin/../cache/core/core_adafruit_samd_adafruit_feather_m0_073ec18e77f7e9ea5c3ca3ee503fe1c2.a(IPAddress.cpp.o)
 .text._ZN5Print5writeEPKhj
                0x0000000000005918       0x28 /home/null/bcall2/build/bin/../cache/core/core_adafruit_samd_adafruit_feather_m0_073ec18e77f7e9ea5c3ca3ee503fe1c2.a(Print.cpp.o)
                0x0000000000005918                Print::write(unsigned char const*, unsigned int)
 .text._ZN5Print5printEmi.part.4
                0x0000000000005940        0xc /home/null/bcall2/build/bin/../cache/core/core_adafruit_samd_adafruit_feather_m0_073ec18e77f7e9ea5c3ca3ee503fe1c2.a(Print.cpp.o)
 .text._ZN5Print5writeEPKc
                0x000000000000594c       0x1c /home/null/bcall2/build/bin/../cache/core/core_adafruit_samd_adafruit_feather_m0_073ec18e77f7e9ea5c3ca3ee503fe1c2.a(Print.cpp.o)
                0x000000000000594c                Print::write(char const*)
 .text._ZN5Print5printERK6String
                0x0000000000005968       0x10 /home/null/bcall2/build/bin/../cache/core/core_adafruit_samd_adafruit_feather_m0_073ec18e77f7e9ea5c3ca3ee503fe1c2.a(Print.cpp.o)
                0x0000000000005968                Print::print(String const&)
 .text._ZN5Print5printEc
                0x0000000000005978        0xa /home/null/bcall2/build/bin/../cache/core/core_adafruit_samd_adafruit_feather_m0_073ec18e77f7e9ea5c3ca3ee503fe1c2.a(Print.cpp.o)
                0x0000000000005978                Print::print(char)
 *fill*         0x0000000000005982        0x2 
 .text._ZN5Print7printlnEv
                0x0000000000005984       0x10 /home/null/bcall2/build/bin/../cache/core/core_adafruit_samd_adafruit_feather_m0_073ec18e77f7e9ea5c3ca3ee503fe1c2.a(Print.cpp.o)
                0x0000000000005984                Print::println()
 .text._ZN5Print7printlnERK6String
                0x0000000000005994       0x14 /home/null/bcall2/build/bin/../cache/core/core_adafruit_samd_adafruit_feather_m0_073ec18e77f7e9ea5c3ca3ee503fe1c2.a(Print.cpp.o)
                0x0000000000005994                Print::println(String const&)
 .text._ZN5Print7printlnEPKc
                0x00000000000059a8       0x14 /home/null/bcall2/build/bin/../cache/core/core_adafruit_samd_adafruit_feather_m0_073ec18e77f7e9ea5c3ca3ee503fe1c2.a(Print.cpp.o)
                0x00000000000059a8                Print::println(char const*)
 .text._ZN5Print11printNumberEmh
                0x00000000000059bc       0x4e /home/null/bcall2/build/bin/../cache/core/core_adafruit_samd_adafruit_feather_m0_073ec18e77f7e9ea5c3ca3ee503fe1c2.a(Print.cpp.o)
                0x00000000000059bc                Print::printNumber(unsigned long, unsigned char)
 .text._ZN5Print5printEmi
                0x0000000000005a0a       0x14 /home/null/bcall2/build/bin/../cache/core/core_adafruit_samd_adafruit_feather_m0_073ec18e77f7e9ea5c3ca3ee503fe1c2.a(Print.cpp.o)
                0x0000000000005a0a                Print::print(unsigned long, int)
 .text._ZN5Print5printEhi
                0x0000000000005a1e        0x8 /home/null/bcall2/build/bin/../cache/core/core_adafruit_samd_adafruit_feather_m0_073ec18e77f7e9ea5c3ca3ee503fe1c2.a(Print.cpp.o)
                0x0000000000005a1e                Print::print(unsigned char, int)
 .text._ZN6SERCOMC2EP6Sercom
                0x0000000000005a26        0x4 /home/null/bcall2/build/bin/../cache/core/core_adafruit_samd_adafruit_feather_m0_073ec18e77f7e9ea5c3ca3ee503fe1c2.a(SERCOM.cpp.o)
                0x0000000000005a26                SERCOM::SERCOM(Sercom*)
                0x0000000000005a26                SERCOM::SERCOM(Sercom*)
 .text._ZN6SERCOM9initFrameE18SercomUartCharSize15SercomDataOrder16SercomParityMode19SercomNumberStopBit
                0x0000000000005a2a       0x38 /home/null/bcall2/build/bin/../cache/core/core_adafruit_samd_adafruit_feather_m0_073ec18e77f7e9ea5c3ca3ee503fe1c2.a(SERCOM.cpp.o)
                0x0000000000005a2a                SERCOM::initFrame(SercomUartCharSize, SercomDataOrder, SercomParityMode, SercomNumberStopBit)
 .text._ZN6SERCOM8initPadsE15SercomUartTXPad11SercomRXPad
                0x0000000000005a62       0x26 /home/null/bcall2/build/bin/../cache/core/core_adafruit_samd_adafruit_feather_m0_073ec18e77f7e9ea5c3ca3ee503fe1c2.a(SERCOM.cpp.o)
                0x0000000000005a62                SERCOM::initPads(SercomUartTXPad, SercomRXPad)
 .text._ZN6SERCOM9resetUARTEv
                0x0000000000005a88       0x1c /home/null/bcall2/build/bin/../cache/core/core_adafruit_samd_adafruit_feather_m0_073ec18e77f7e9ea5c3ca3ee503fe1c2.a(SERCOM.cpp.o)
                0x0000000000005a88                SERCOM::resetUART()
 .text._ZN6SERCOM10enableUARTEv
                0x0000000000005aa4       0x14 /home/null/bcall2/build/bin/../cache/core/core_adafruit_samd_adafruit_feather_m0_073ec18e77f7e9ea5c3ca3ee503fe1c2.a(SERCOM.cpp.o)
                0x0000000000005aa4                SERCOM::enableUART()
 .text._ZN6SERCOM9flushUARTEv
                0x0000000000005ab8       0x10 /home/null/bcall2/build/bin/../cache/core/core_adafruit_samd_adafruit_feather_m0_073ec18e77f7e9ea5c3ca3ee503fe1c2.a(SERCOM.cpp.o)
                0x0000000000005ab8                SERCOM::flushUART()
 .text._ZN6SERCOM15clearStatusUARTEv
                0x0000000000005ac8        0x8 /home/null/bcall2/build/bin/../cache/core/core_adafruit_samd_adafruit_feather_m0_073ec18e77f7e9ea5c3ca3ee503fe1c2.a(SERCOM.cpp.o)
                0x0000000000005ac8                SERCOM::clearStatusUART()
 .text._ZN6SERCOM17availableDataUARTEv
                0x0000000000005ad0        0xa /home/null/bcall2/build/bin/../cache/core/core_adafruit_samd_adafruit_feather_m0_073ec18e77f7e9ea5c3ca3ee503fe1c2.a(SERCOM.cpp.o)
                0x0000000000005ad0                SERCOM::availableDataUART()
 .text._ZN6SERCOM11isUARTErrorEv
                0x0000000000005ada        0x8 /home/null/bcall2/build/bin/../cache/core/core_adafruit_samd_adafruit_feather_m0_073ec18e77f7e9ea5c3ca3ee503fe1c2.a(SERCOM.cpp.o)
                0x0000000000005ada                SERCOM::isUARTError()
 .text._ZN6SERCOM20acknowledgeUARTErrorEv
                0x0000000000005ae2        0xe /home/null/bcall2/build/bin/../cache/core/core_adafruit_samd_adafruit_feather_m0_073ec18e77f7e9ea5c3ca3ee503fe1c2.a(SERCOM.cpp.o)
                0x0000000000005ae2                SERCOM::acknowledgeUARTError()
 .text._ZN6SERCOM16isFrameErrorUARTEv
                0x0000000000005af0        0xa /home/null/bcall2/build/bin/../cache/core/core_adafruit_samd_adafruit_feather_m0_073ec18e77f7e9ea5c3ca3ee503fe1c2.a(SERCOM.cpp.o)
                0x0000000000005af0                SERCOM::isFrameErrorUART()
 .text._ZN6SERCOM19clearFrameErrorUARTEv
                0x0000000000005afa        0xc /home/null/bcall2/build/bin/../cache/core/core_adafruit_samd_adafruit_feather_m0_073ec18e77f7e9ea5c3ca3ee503fe1c2.a(SERCOM.cpp.o)
                0x0000000000005afa                SERCOM::clearFrameErrorUART()
 .text._ZN6SERCOM23isDataRegisterEmptyUARTEv
                0x0000000000005b06        0xa /home/null/bcall2/build/bin/../cache/core/core_adafruit_samd_adafruit_feather_m0_073ec18e77f7e9ea5c3ca3ee503fe1c2.a(SERCOM.cpp.o)
                0x0000000000005b06                SERCOM::isDataRegisterEmptyUART()
 .text._ZN6SERCOM12readDataUARTEv
                0x0000000000005b10        0x8 /home/null/bcall2/build/bin/../cache/core/core_adafruit_samd_adafruit_feather_m0_073ec18e77f7e9ea5c3ca3ee503fe1c2.a(SERCOM.cpp.o)
                0x0000000000005b10                SERCOM::readDataUART()
 .text._ZN6SERCOM13writeDataUARTEh
                0x0000000000005b18        0xe /home/null/bcall2/build/bin/../cache/core/core_adafruit_samd_adafruit_feather_m0_073ec18e77f7e9ea5c3ca3ee503fe1c2.a(SERCOM.cpp.o)
                0x0000000000005b18                SERCOM::writeDataUART(unsigned char)
 .text._ZN6SERCOM36enableDataRegisterEmptyInterruptUARTEv
                0x0000000000005b26        0x8 /home/null/bcall2/build/bin/../cache/core/core_adafruit_samd_adafruit_feather_m0_073ec18e77f7e9ea5c3ca3ee503fe1c2.a(SERCOM.cpp.o)
                0x0000000000005b26                SERCOM::enableDataRegisterEmptyInterruptUART()
 .text._ZN6SERCOM37disableDataRegisterEmptyInterruptUARTEv
                0x0000000000005b2e        0x8 /home/null/bcall2/build/bin/../cache/core/core_adafruit_samd_adafruit_feather_m0_073ec18e77f7e9ea5c3ca3ee503fe1c2.a(SERCOM.cpp.o)
                0x0000000000005b2e                SERCOM::disableDataRegisterEmptyInterruptUART()
 *fill*         0x0000000000005b36        0x2 
 .text._ZN6SERCOM12initSPIClockE18SercomSpiClockModem
                0x0000000000005b38       0x30 /home/null/bcall2/build/bin/../cache/core/core_adafruit_samd_adafruit_feather_m0_073ec18e77f7e9ea5c3ca3ee503fe1c2.a(SERCOM.cpp.o)
                0x0000000000005b38                SERCOM::initSPIClock(SercomSpiClockMode, unsigned long)
 .text._ZN6SERCOM8resetSPIEv
                0x0000000000005b68       0x1c /home/null/bcall2/build/bin/../cache/core/core_adafruit_samd_adafruit_feather_m0_073ec18e77f7e9ea5c3ca3ee503fe1c2.a(SERCOM.cpp.o)
                0x0000000000005b68                SERCOM::resetSPI()
 .text._ZN6SERCOM9enableSPIEv
                0x0000000000005b84       0x14 /home/null/bcall2/build/bin/../cache/core/core_adafruit_samd_adafruit_feather_m0_073ec18e77f7e9ea5c3ca3ee503fe1c2.a(SERCOM.cpp.o)
                0x0000000000005b84                SERCOM::enableSPI()
 .text._ZN6SERCOM10disableSPIEv
                0x0000000000005b98       0x12 /home/null/bcall2/build/bin/../cache/core/core_adafruit_samd_adafruit_feather_m0_073ec18e77f7e9ea5c3ca3ee503fe1c2.a(SERCOM.cpp.o)
                0x0000000000005b98                SERCOM::disableSPI()
 .text._ZN6SERCOM15transferDataSPIEh
                0x0000000000005baa       0x1a /home/null/bcall2/build/bin/../cache/core/core_adafruit_samd_adafruit_feather_m0_073ec18e77f7e9ea5c3ca3ee503fe1c2.a(SERCOM.cpp.o)
                0x0000000000005baa                SERCOM::transferDataSPI(unsigned char)
 .text._ZN6SERCOM13initClockNVICEv
                0x0000000000005bc4       0xb4 /home/null/bcall2/build/bin/../cache/core/core_adafruit_samd_adafruit_feather_m0_073ec18e77f7e9ea5c3ca3ee503fe1c2.a(SERCOM.cpp.o)
                0x0000000000005bc4                SERCOM::initClockNVIC()
 .text._ZN6SERCOM8initUARTE14SercomUartMode20SercomUartSampleRatem
                0x0000000000005c78       0x6c /home/null/bcall2/build/bin/../cache/core/core_adafruit_samd_adafruit_feather_m0_073ec18e77f7e9ea5c3ca3ee503fe1c2.a(SERCOM.cpp.o)
                0x0000000000005c78                SERCOM::initUART(SercomUartMode, SercomUartSampleRate, unsigned long)
 .text._ZN6SERCOM7initSPIE14SercomSpiTXPad11SercomRXPad17SercomSpiCharSize15SercomDataOrder
                0x0000000000005ce4       0x50 /home/null/bcall2/build/bin/../cache/core/core_adafruit_samd_adafruit_feather_m0_073ec18e77f7e9ea5c3ca3ee503fe1c2.a(SERCOM.cpp.o)
                0x0000000000005ce4                SERCOM::initSPI(SercomSpiTXPad, SercomRXPad, SercomSpiCharSize, SercomDataOrder)
 .text._ZN7Serial_17availableForWriteEv
                0x0000000000005d34        0x4 /home/null/bcall2/build/bin/../cache/core/core_adafruit_samd_adafruit_feather_m0_073ec18e77f7e9ea5c3ca3ee503fe1c2.a(CDC.cpp.o)
                0x0000000000005d34                Serial_::availableForWrite()
 .text._ZN7Serial_5writeEh
                0x0000000000005d38       0x14 /home/null/bcall2/build/bin/../cache/core/core_adafruit_samd_adafruit_feather_m0_073ec18e77f7e9ea5c3ca3ee503fe1c2.a(CDC.cpp.o)
                0x0000000000005d38                Serial_::write(unsigned char)
 .text._ZN7Serial_9availableEv
                0x0000000000005d4c        0xc /home/null/bcall2/build/bin/../cache/core/core_adafruit_samd_adafruit_feather_m0_073ec18e77f7e9ea5c3ca3ee503fe1c2.a(CDC.cpp.o)
                0x0000000000005d4c                Serial_::available()
 .text._ZN7Serial_5flushEv
                0x0000000000005d58        0xc /home/null/bcall2/build/bin/../cache/core/core_adafruit_samd_adafruit_feather_m0_073ec18e77f7e9ea5c3ca3ee503fe1c2.a(CDC.cpp.o)
                0x0000000000005d58                Serial_::flush()
 .text._ZN7Serial_5writeEPKhj
                0x0000000000005d64       0x2c /home/null/bcall2/build/bin/../cache/core/core_adafruit_samd_adafruit_feather_m0_073ec18e77f7e9ea5c3ca3ee503fe1c2.a(CDC.cpp.o)
                0x0000000000005d64                Serial_::write(unsigned char const*, unsigned int)
 .text._ZN7Serial_4peekEv
                0x0000000000005d90       0x1c /home/null/bcall2/build/bin/../cache/core/core_adafruit_samd_adafruit_feather_m0_073ec18e77f7e9ea5c3ca3ee503fe1c2.a(CDC.cpp.o)
                0x0000000000005d90                Serial_::peek()
 .text._ZN7Serial_4readEv
                0x0000000000005dac       0x24 /home/null/bcall2/build/bin/../cache/core/core_adafruit_samd_adafruit_feather_m0_073ec18e77f7e9ea5c3ca3ee503fe1c2.a(CDC.cpp.o)
                0x0000000000005dac                Serial_::read()
 .text._Z16CDC_GetInterfacePh
                0x0000000000005dd0       0x1c /home/null/bcall2/build/bin/../cache/core/core_adafruit_samd_adafruit_feather_m0_073ec18e77f7e9ea5c3ca3ee503fe1c2.a(CDC.cpp.o)
                0x0000000000005dd0                CDC_GetInterface(unsigned char*)
 .text._Z9CDC_SetupR8USBSetup
                0x0000000000005dec       0x80 /home/null/bcall2/build/bin/../cache/core/core_adafruit_samd_adafruit_feather_m0_073ec18e77f7e9ea5c3ca3ee503fe1c2.a(CDC.cpp.o)
                0x0000000000005dec                CDC_Setup(USBSetup&)
 .text._ZN7Serial_5beginEm
                0x0000000000005e6c        0x2 /home/null/bcall2/build/bin/../cache/core/core_adafruit_samd_adafruit_feather_m0_073ec18e77f7e9ea5c3ca3ee503fe1c2.a(CDC.cpp.o)
                0x0000000000005e6c                Serial_::begin(unsigned long)
 *fill*         0x0000000000005e6e        0x2 
 .text.startup._GLOBAL__sub_I__Z17_CDC_GetInterfacev
                0x0000000000005e70       0x28 /home/null/bcall2/build/bin/../cache/core/core_adafruit_samd_adafruit_feather_m0_073ec18e77f7e9ea5c3ca3ee503fe1c2.a(CDC.cpp.o)
 .text._ZN26DoubleBufferedEPOutHandler4initEv
                0x0000000000005e98        0x2 /home/null/bcall2/build/bin/../cache/core/core_adafruit_samd_adafruit_feather_m0_073ec18e77f7e9ea5c3ca3ee503fe1c2.a(USBCore.cpp.o)
                0x0000000000005e98                DoubleBufferedEPOutHandler::init()
 .text._ZL5utox8mPc
                0x0000000000005e9a       0x1c /home/null/bcall2/build/bin/../cache/core/core_adafruit_samd_adafruit_feather_m0_073ec18e77f7e9ea5c3ca3ee503fe1c2.a(USBCore.cpp.o)
 *fill*         0x0000000000005eb6        0x2 
 .text._ZN14USBDeviceClass6initEPEmm.part.4
                0x0000000000005eb8       0xe0 /home/null/bcall2/build/bin/../cache/core/core_adafruit_samd_adafruit_feather_m0_073ec18e77f7e9ea5c3ca3ee503fe1c2.a(USBCore.cpp.o)
 .text._ZN7__GuardC2Ev
                0x0000000000005f98        0xe /home/null/bcall2/build/bin/../cache/core/core_adafruit_samd_adafruit_feather_m0_073ec18e77f7e9ea5c3ca3ee503fe1c2.a(USBCore.cpp.o)
                0x0000000000005f98                __Guard::__Guard()
                0x0000000000005f98                __Guard::__Guard()
 .text._ZN7__GuardD2Ev
                0x0000000000005fa6        0xe /home/null/bcall2/build/bin/../cache/core/core_adafruit_samd_adafruit_feather_m0_073ec18e77f7e9ea5c3ca3ee503fe1c2.a(USBCore.cpp.o)
                0x0000000000005fa6                __Guard::~__Guard()
                0x0000000000005fa6                __Guard::~__Guard()
 .text._ZNK26DoubleBufferedEPOutHandler9availableEv
                0x0000000000005fb4       0x5e /home/null/bcall2/build/bin/../cache/core/core_adafruit_samd_adafruit_feather_m0_073ec18e77f7e9ea5c3ca3ee503fe1c2.a(USBCore.cpp.o)
                0x0000000000005fb4                DoubleBufferedEPOutHandler::available() const
 *fill*         0x0000000000006012        0x2 
 .text._ZN26DoubleBufferedEPOutHandler7releaseEv
                0x0000000000006014       0x58 /home/null/bcall2/build/bin/../cache/core/core_adafruit_samd_adafruit_feather_m0_073ec18e77f7e9ea5c3ca3ee503fe1c2.a(USBCore.cpp.o)
                0x0000000000006014                DoubleBufferedEPOutHandler::release()
 .text._ZN26DoubleBufferedEPOutHandler4recvEPvm
                0x000000000000606c      0x11c /home/null/bcall2/build/bin/../cache/core/core_adafruit_samd_adafruit_feather_m0_073ec18e77f7e9ea5c3ca3ee503fe1c2.a(USBCore.cpp.o)
                0x000000000000606c                DoubleBufferedEPOutHandler::recv(void*, unsigned long)
 .text._ZN26DoubleBufferedEPOutHandler14handleEndpointEv
                0x0000000000006188       0xc8 /home/null/bcall2/build/bin/../cache/core/core_adafruit_samd_adafruit_feather_m0_073ec18e77f7e9ea5c3ca3ee503fe1c2.a(USBCore.cpp.o)
                0x0000000000006188                DoubleBufferedEPOutHandler::handleEndpoint()
 .text._ZN14USBDeviceClass14SendInterfacesEPm
                0x0000000000006250       0x2c /home/null/bcall2/build/bin/../cache/core/core_adafruit_samd_adafruit_feather_m0_073ec18e77f7e9ea5c3ca3ee503fe1c2.a(USBCore.cpp.o)
                0x0000000000006250                USBDeviceClass::SendInterfaces(unsigned long*)
 .text._ZN14USBDeviceClass14handleEndpointEh
                0x000000000000627c       0x40 /home/null/bcall2/build/bin/../cache/core/core_adafruit_samd_adafruit_feather_m0_073ec18e77f7e9ea5c3ca3ee503fe1c2.a(USBCore.cpp.o)
                0x000000000000627c                USBDeviceClass::handleEndpoint(unsigned char)
 .text._ZN14USBDeviceClass4initEv
                0x00000000000062bc       0xf0 /home/null/bcall2/build/bin/../cache/core/core_adafruit_samd_adafruit_feather_m0_073ec18e77f7e9ea5c3ca3ee503fe1c2.a(USBCore.cpp.o)
                0x00000000000062bc                USBDeviceClass::init()
 .text._ZN14USBDeviceClass6attachEv
                0x00000000000063ac       0x34 /home/null/bcall2/build/bin/../cache/core/core_adafruit_samd_adafruit_feather_m0_073ec18e77f7e9ea5c3ca3ee503fe1c2.a(USBCore.cpp.o)
                0x00000000000063ac                USBDeviceClass::attach()
 .text._ZN14USBDeviceClass10setAddressEm
                0x00000000000063e0       0x48 /home/null/bcall2/build/bin/../cache/core/core_adafruit_samd_adafruit_feather_m0_073ec18e77f7e9ea5c3ca3ee503fe1c2.a(USBCore.cpp.o)
                0x00000000000063e0                USBDeviceClass::setAddress(unsigned long)
 .text._ZN14USBDeviceClass25handleClassInterfaceSetupER8USBSetup
                0x0000000000006428       0x40 /home/null/bcall2/build/bin/../cache/core/core_adafruit_samd_adafruit_feather_m0_073ec18e77f7e9ea5c3ca3ee503fe1c2.a(USBCore.cpp.o)
                0x0000000000006428                USBDeviceClass::handleClassInterfaceSetup(USBSetup&)
 .text._ZN14USBDeviceClass6initEPEmm
                0x0000000000006468      0x108 /home/null/bcall2/build/bin/../cache/core/core_adafruit_samd_adafruit_feather_m0_073ec18e77f7e9ea5c3ca3ee503fe1c2.a(USBCore.cpp.o)
                0x0000000000006468                USBDeviceClass::initEP(unsigned long, unsigned long)
 .text._ZN14USBDeviceClass13initEndpointsEv
                0x0000000000006570       0x24 /home/null/bcall2/build/bin/../cache/core/core_adafruit_samd_adafruit_feather_m0_073ec18e77f7e9ea5c3ca3ee503fe1c2.a(USBCore.cpp.o)
                0x0000000000006570                USBDeviceClass::initEndpoints()
 .text._ZN14USBDeviceClass9availableEm
                0x0000000000006594       0x2c /home/null/bcall2/build/bin/../cache/core/core_adafruit_samd_adafruit_feather_m0_073ec18e77f7e9ea5c3ca3ee503fe1c2.a(USBCore.cpp.o)
                0x0000000000006594                USBDeviceClass::available(unsigned long)
 .text._ZN14USBDeviceClass5flushEm
                0x00000000000065c0       0x2c /home/null/bcall2/build/bin/../cache/core/core_adafruit_samd_adafruit_feather_m0_073ec18e77f7e9ea5c3ca3ee503fe1c2.a(USBCore.cpp.o)
                0x00000000000065c0                USBDeviceClass::flush(unsigned long)
 .text._ZN14USBDeviceClass14armRecvCtrlOUTEm
                0x00000000000065ec       0x60 /home/null/bcall2/build/bin/../cache/core/core_adafruit_samd_adafruit_feather_m0_073ec18e77f7e9ea5c3ca3ee503fe1c2.a(USBCore.cpp.o)
                0x00000000000065ec                USBDeviceClass::armRecvCtrlOUT(unsigned long)
 .text._ZN14USBDeviceClass11recvControlEPvm
                0x000000000000664c       0x3c /home/null/bcall2/build/bin/../cache/core/core_adafruit_samd_adafruit_feather_m0_073ec18e77f7e9ea5c3ca3ee503fe1c2.a(USBCore.cpp.o)
                0x000000000000664c                USBDeviceClass::recvControl(void*, unsigned long)
 .text._ZN14USBDeviceClass7armRecvEm
                0x0000000000006688       0x3c /home/null/bcall2/build/bin/../cache/core/core_adafruit_samd_adafruit_feather_m0_073ec18e77f7e9ea5c3ca3ee503fe1c2.a(USBCore.cpp.o)
                0x0000000000006688                USBDeviceClass::armRecv(unsigned long)
 .text._ZN14USBDeviceClass4recvEmPvm
                0x00000000000066c4       0xd8 /home/null/bcall2/build/bin/../cache/core/core_adafruit_samd_adafruit_feather_m0_073ec18e77f7e9ea5c3ca3ee503fe1c2.a(USBCore.cpp.o)
                0x00000000000066c4                USBDeviceClass::recv(unsigned long, void*, unsigned long)
 .text._ZN14USBDeviceClass4recvEm
                0x000000000000679c       0x1c /home/null/bcall2/build/bin/../cache/core/core_adafruit_samd_adafruit_feather_m0_073ec18e77f7e9ea5c3ca3ee503fe1c2.a(USBCore.cpp.o)
                0x000000000000679c                USBDeviceClass::recv(unsigned long)
 .text._ZN14USBDeviceClass4sendEmPKvm
                0x00000000000067b8      0x124 /home/null/bcall2/build/bin/../cache/core/core_adafruit_samd_adafruit_feather_m0_073ec18e77f7e9ea5c3ca3ee503fe1c2.a(USBCore.cpp.o)
                0x00000000000067b8                USBDeviceClass::send(unsigned long, void const*, unsigned long)
 .text._ZN14USBDeviceClass7armSendEmPKvm
                0x00000000000068dc       0x48 /home/null/bcall2/build/bin/../cache/core/core_adafruit_samd_adafruit_feather_m0_073ec18e77f7e9ea5c3ca3ee503fe1c2.a(USBCore.cpp.o)
                0x00000000000068dc                USBDeviceClass::armSend(unsigned long, void const*, unsigned long)
 .text._ZN14USBDeviceClass11sendControlEPKvm
                0x0000000000006924       0x58 /home/null/bcall2/build/bin/../cache/core/core_adafruit_samd_adafruit_feather_m0_073ec18e77f7e9ea5c3ca3ee503fe1c2.a(USBCore.cpp.o)
                0x0000000000006924                USBDeviceClass::sendControl(void const*, unsigned long)
 .text._ZN14USBDeviceClass20sendStringDescriptorEPKhh
                0x000000000000697c       0x68 /home/null/bcall2/build/bin/../cache/core/core_adafruit_samd_adafruit_feather_m0_073ec18e77f7e9ea5c3ca3ee503fe1c2.a(USBCore.cpp.o)
                0x000000000000697c                USBDeviceClass::sendStringDescriptor(unsigned char const*, unsigned char)
 .text._ZN14USBDeviceClass12packMessagesEb.part.6
                0x00000000000069e4       0x20 /home/null/bcall2/build/bin/../cache/core/core_adafruit_samd_adafruit_feather_m0_073ec18e77f7e9ea5c3ca3ee503fe1c2.a(USBCore.cpp.o)
 .text._ZN14USBDeviceClass17sendConfigurationEm
                0x0000000000006a04       0x90 /home/null/bcall2/build/bin/../cache/core/core_adafruit_samd_adafruit_feather_m0_073ec18e77f7e9ea5c3ca3ee503fe1c2.a(USBCore.cpp.o)
                0x0000000000006a04                USBDeviceClass::sendConfiguration(unsigned long)
 .text._ZN14USBDeviceClass14sendDescriptorER8USBSetup
                0x0000000000006a94       0xec /home/null/bcall2/build/bin/../cache/core/core_adafruit_samd_adafruit_feather_m0_073ec18e77f7e9ea5c3ca3ee503fe1c2.a(USBCore.cpp.o)
                0x0000000000006a94                USBDeviceClass::sendDescriptor(USBSetup&)
 .text._ZN14USBDeviceClass19handleStandardSetupER8USBSetup
                0x0000000000006b80      0x118 /home/null/bcall2/build/bin/../cache/core/core_adafruit_samd_adafruit_feather_m0_073ec18e77f7e9ea5c3ca3ee503fe1c2.a(USBCore.cpp.o)
                0x0000000000006b80                USBDeviceClass::handleStandardSetup(USBSetup&)
 .text._ZN14USBDeviceClass10ISRHandlerEv
                0x0000000000006c98      0x150 /home/null/bcall2/build/bin/../cache/core/core_adafruit_samd_adafruit_feather_m0_073ec18e77f7e9ea5c3ca3ee503fe1c2.a(USBCore.cpp.o)
                0x0000000000006c98                USBDeviceClass::ISRHandler()
 .text.UDD_Handler
                0x0000000000006de8       0x10 /home/null/bcall2/build/bin/../cache/core/core_adafruit_samd_adafruit_feather_m0_073ec18e77f7e9ea5c3ca3ee503fe1c2.a(USBCore.cpp.o)
                0x0000000000006de8                UDD_Handler
 .text.startup._GLOBAL__sub_I_usbd
                0x0000000000006df8       0x10 /home/null/bcall2/build/bin/../cache/core/core_adafruit_samd_adafruit_feather_m0_073ec18e77f7e9ea5c3ca3ee503fe1c2.a(USBCore.cpp.o)
 .text._ZN4UartcvbEv
                0x0000000000006e08        0x4 /home/null/bcall2/build/bin/../cache/core/core_adafruit_samd_adafruit_feather_m0_073ec18e77f7e9ea5c3ca3ee503fe1c2.a(Uart.cpp.o)
                0x0000000000006e08                Uart::operator bool()
 .text._ZN4Uart5beginEm
                0x0000000000006e0c       0x10 /home/null/bcall2/build/bin/../cache/core/core_adafruit_samd_adafruit_feather_m0_073ec18e77f7e9ea5c3ca3ee503fe1c2.a(Uart.cpp.o)
                0x0000000000006e0c                Uart::begin(unsigned long)
 .text._ZN4Uart4peekEv
                0x0000000000006e1c       0x1e /home/null/bcall2/build/bin/../cache/core/core_adafruit_samd_adafruit_feather_m0_073ec18e77f7e9ea5c3ca3ee503fe1c2.a(Uart.cpp.o)
                0x0000000000006e1c                Uart::peek()
 .text._ZN4Uart3endEv
                0x0000000000006e3a       0x24 /home/null/bcall2/build/bin/../cache/core/core_adafruit_samd_adafruit_feather_m0_073ec18e77f7e9ea5c3ca3ee503fe1c2.a(Uart.cpp.o)
                0x0000000000006e3a                Uart::end()
 *fill*         0x0000000000006e5e        0x2 
 .text._ZN4UartC2EP6SERCOMhh11SercomRXPad15SercomUartTXPadhh
                0x0000000000006e60       0xa0 /home/null/bcall2/build/bin/../cache/core/core_adafruit_samd_adafruit_feather_m0_073ec18e77f7e9ea5c3ca3ee503fe1c2.a(Uart.cpp.o)
                0x0000000000006e60                Uart::Uart(SERCOM*, unsigned char, unsigned char, SercomRXPad, SercomUartTXPad, unsigned char, unsigned char)
                0x0000000000006e60                Uart::Uart(SERCOM*, unsigned char, unsigned char, SercomRXPad, SercomUartTXPad, unsigned char, unsigned char)
 .text._ZN4UartC2EP6SERCOMhh11SercomRXPad15SercomUartTXPad
                0x0000000000006f00       0x24 /home/null/bcall2/build/bin/../cache/core/core_adafruit_samd_adafruit_feather_m0_073ec18e77f7e9ea5c3ca3ee503fe1c2.a(Uart.cpp.o)
                0x0000000000006f00                Uart::Uart(SERCOM*, unsigned char, unsigned char, SercomRXPad, SercomUartTXPad)
                0x0000000000006f00                Uart::Uart(SERCOM*, unsigned char, unsigned char, SercomRXPad, SercomUartTXPad)
 .text._ZN4Uart16extractNbStopBitEt
                0x0000000000006f24        0xe /home/null/bcall2/build/bin/../cache/core/core_adafruit_samd_adafruit_feather_m0_073ec18e77f7e9ea5c3ca3ee503fe1c2.a(Uart.cpp.o)
                0x0000000000006f24                Uart::extractNbStopBit(unsigned short)
 .text._ZN4Uart15extractCharSizeEt
                0x0000000000006f32       0x2c /home/null/bcall2/build/bin/../cache/core/core_adafruit_samd_adafruit_feather_m0_073ec18e77f7e9ea5c3ca3ee503fe1c2.a(Uart.cpp.o)
                0x0000000000006f32                Uart::extractCharSize(unsigned short)
 .text._ZN4Uart13extractParityEt
                0x0000000000006f5e       0x18 /home/null/bcall2/build/bin/../cache/core/core_adafruit_samd_adafruit_feather_m0_073ec18e77f7e9ea5c3ca3ee503fe1c2.a(Uart.cpp.o)
                0x0000000000006f5e                Uart::extractParity(unsigned short)
 *fill*         0x0000000000006f76        0x2 
 .text._ZN4Uart5beginEmt
                0x0000000000006f78       0xf0 /home/null/bcall2/build/bin/../cache/core/core_adafruit_samd_adafruit_feather_m0_073ec18e77f7e9ea5c3ca3ee503fe1c2.a(Uart.cpp.o)
                0x0000000000006f78                Uart::begin(unsigned long, unsigned short)
 .text._ZN11RingBufferNILi164EE9availableEv
                0x0000000000007068       0x12 /home/null/bcall2/build/bin/../cache/core/core_adafruit_samd_adafruit_feather_m0_073ec18e77f7e9ea5c3ca3ee503fe1c2.a(Uart.cpp.o)
                0x0000000000007068                RingBufferN<164>::available()
 .text._ZN4Uart5flushEv
                0x000000000000707a       0x18 /home/null/bcall2/build/bin/../cache/core/core_adafruit_samd_adafruit_feather_m0_073ec18e77f7e9ea5c3ca3ee503fe1c2.a(Uart.cpp.o)
                0x000000000000707a                Uart::flush()
 .text._ZN4Uart9availableEv
                0x0000000000007092        0xa /home/null/bcall2/build/bin/../cache/core/core_adafruit_samd_adafruit_feather_m0_073ec18e77f7e9ea5c3ca3ee503fe1c2.a(Uart.cpp.o)
                0x0000000000007092                Uart::available()
 .text._ZN11RingBufferNILi164EE17availableForStoreEv
                0x000000000000709c       0x22 /home/null/bcall2/build/bin/../cache/core/core_adafruit_samd_adafruit_feather_m0_073ec18e77f7e9ea5c3ca3ee503fe1c2.a(Uart.cpp.o)
                0x000000000000709c                RingBufferN<164>::availableForStore()
 .text._ZN4Uart17availableForWriteEv
                0x00000000000070be        0xa /home/null/bcall2/build/bin/../cache/core/core_adafruit_samd_adafruit_feather_m0_073ec18e77f7e9ea5c3ca3ee503fe1c2.a(Uart.cpp.o)
                0x00000000000070be                Uart::availableForWrite()
 .text._ZN4Uart10IrqHandlerEv
                0x00000000000070c8       0xde /home/null/bcall2/build/bin/../cache/core/core_adafruit_samd_adafruit_feather_m0_073ec18e77f7e9ea5c3ca3ee503fe1c2.a(Uart.cpp.o)
                0x00000000000070c8                Uart::IrqHandler()
 *fill*         0x00000000000071a6        0x2 
 .text._ZN4Uart5writeEh
                0x00000000000071a8       0xc8 /home/null/bcall2/build/bin/../cache/core/core_adafruit_samd_adafruit_feather_m0_073ec18e77f7e9ea5c3ca3ee503fe1c2.a(Uart.cpp.o)
                0x00000000000071a8                Uart::write(unsigned char)
 .text._ZN4Uart4readEv
                0x0000000000007270       0x56 /home/null/bcall2/build/bin/../cache/core/core_adafruit_samd_adafruit_feather_m0_073ec18e77f7e9ea5c3ca3ee503fe1c2.a(Uart.cpp.o)
                0x0000000000007270                Uart::read()
 *fill*         0x00000000000072c6        0x2 
 .text.attachInterrupt
                0x00000000000072c8      0x18c /home/null/bcall2/build/bin/../cache/core/core_adafruit_samd_adafruit_feather_m0_073ec18e77f7e9ea5c3ca3ee503fe1c2.a(WInterrupts.c.o)
                0x00000000000072c8                attachInterrupt
 .text.detachInterrupt
                0x0000000000007454       0x88 /home/null/bcall2/build/bin/../cache/core/core_adafruit_samd_adafruit_feather_m0_073ec18e77f7e9ea5c3ca3ee503fe1c2.a(WInterrupts.c.o)
                0x0000000000007454                detachInterrupt
 .text.EIC_Handler
                0x00000000000074dc       0x3c /home/null/bcall2/build/bin/../cache/core/core_adafruit_samd_adafruit_feather_m0_073ec18e77f7e9ea5c3ca3ee503fe1c2.a(WInterrupts.c.o)
                0x00000000000074dc                EIC_Handler
 .text.NMI_Handler
                0x0000000000007518       0x20 /home/null/bcall2/build/bin/../cache/core/core_adafruit_samd_adafruit_feather_m0_073ec18e77f7e9ea5c3ca3ee503fe1c2.a(WInterrupts.c.o)
                0x0000000000007518                NMI_Handler
 .text._ZN6StringD2Ev
                0x0000000000007538        0xe /home/null/bcall2/build/bin/../cache/core/core_adafruit_samd_adafruit_feather_m0_073ec18e77f7e9ea5c3ca3ee503fe1c2.a(WString.cpp.o)
                0x0000000000007538                String::~String()
                0x0000000000007538                String::~String()
 .text._ZN6String10invalidateEv
                0x0000000000007546       0x18 /home/null/bcall2/build/bin/../cache/core/core_adafruit_samd_adafruit_feather_m0_073ec18e77f7e9ea5c3ca3ee503fe1c2.a(WString.cpp.o)
                0x0000000000007546                String::invalidate()
 .text._ZN6String12changeBufferEj
                0x000000000000755e       0x18 /home/null/bcall2/build/bin/../cache/core/core_adafruit_samd_adafruit_feather_m0_073ec18e77f7e9ea5c3ca3ee503fe1c2.a(WString.cpp.o)
                0x000000000000755e                String::changeBuffer(unsigned int)
 .text._ZN6String7reserveEj
                0x0000000000007576       0x28 /home/null/bcall2/build/bin/../cache/core/core_adafruit_samd_adafruit_feather_m0_073ec18e77f7e9ea5c3ca3ee503fe1c2.a(WString.cpp.o)
                0x0000000000007576                String::reserve(unsigned int)
 .text._ZN6String4copyEPKcj
                0x000000000000759e       0x28 /home/null/bcall2/build/bin/../cache/core/core_adafruit_samd_adafruit_feather_m0_073ec18e77f7e9ea5c3ca3ee503fe1c2.a(WString.cpp.o)
                0x000000000000759e                String::copy(char const*, unsigned int)
 .text._ZN6StringC2EPKc
                0x00000000000075c6       0x26 /home/null/bcall2/build/bin/../cache/core/core_adafruit_samd_adafruit_feather_m0_073ec18e77f7e9ea5c3ca3ee503fe1c2.a(WString.cpp.o)
                0x00000000000075c6                String::String(char const*)
                0x00000000000075c6                String::String(char const*)
 .text._ZN6StringaSERKS_
                0x00000000000075ec       0x20 /home/null/bcall2/build/bin/../cache/core/core_adafruit_samd_adafruit_feather_m0_073ec18e77f7e9ea5c3ca3ee503fe1c2.a(WString.cpp.o)
                0x00000000000075ec                String::operator=(String const&)
 .text._ZN6StringC2ERKS_
                0x000000000000760c       0x14 /home/null/bcall2/build/bin/../cache/core/core_adafruit_samd_adafruit_feather_m0_073ec18e77f7e9ea5c3ca3ee503fe1c2.a(WString.cpp.o)
                0x000000000000760c                String::String(String const&)
                0x000000000000760c                String::String(String const&)
 .text._ZN6StringaSEPKc
                0x0000000000007620       0x22 /home/null/bcall2/build/bin/../cache/core/core_adafruit_samd_adafruit_feather_m0_073ec18e77f7e9ea5c3ca3ee503fe1c2.a(WString.cpp.o)
                0x0000000000007620                String::operator=(char const*)
 .text._ZN6StringC2Ehh
                0x0000000000007642       0x22 /home/null/bcall2/build/bin/../cache/core/core_adafruit_samd_adafruit_feather_m0_073ec18e77f7e9ea5c3ca3ee503fe1c2.a(WString.cpp.o)
                0x0000000000007642                String::String(unsigned char, unsigned char)
                0x0000000000007642                String::String(unsigned char, unsigned char)
 .text._ZN6StringC2Eih
                0x0000000000007664       0x24 /home/null/bcall2/build/bin/../cache/core/core_adafruit_samd_adafruit_feather_m0_073ec18e77f7e9ea5c3ca3ee503fe1c2.a(WString.cpp.o)
                0x0000000000007664                String::String(int, unsigned char)
                0x0000000000007664                String::String(int, unsigned char)
 .text._ZN6String6concatEPKcj
                0x0000000000007688       0x32 /home/null/bcall2/build/bin/../cache/core/core_adafruit_samd_adafruit_feather_m0_073ec18e77f7e9ea5c3ca3ee503fe1c2.a(WString.cpp.o)
                0x0000000000007688                String::concat(char const*, unsigned int)
 .text._ZN6String6concatERKS_
                0x00000000000076ba        0xe /home/null/bcall2/build/bin/../cache/core/core_adafruit_samd_adafruit_feather_m0_073ec18e77f7e9ea5c3ca3ee503fe1c2.a(WString.cpp.o)
                0x00000000000076ba                String::concat(String const&)
 .text._ZN6String6concatEPKc
                0x00000000000076c8       0x1a /home/null/bcall2/build/bin/../cache/core/core_adafruit_samd_adafruit_feather_m0_073ec18e77f7e9ea5c3ca3ee503fe1c2.a(WString.cpp.o)
                0x00000000000076c8                String::concat(char const*)
 .text._ZplRK15StringSumHelperRK6String
                0x00000000000076e2       0x1c /home/null/bcall2/build/bin/../cache/core/core_adafruit_samd_adafruit_feather_m0_073ec18e77f7e9ea5c3ca3ee503fe1c2.a(WString.cpp.o)
                0x00000000000076e2                operator+(StringSumHelper const&, String const&)
 *fill*         0x00000000000076fe        0x2 
 .text._ZN6StringixEj
                0x0000000000007700       0x1c /home/null/bcall2/build/bin/../cache/core/core_adafruit_samd_adafruit_feather_m0_073ec18e77f7e9ea5c3ca3ee503fe1c2.a(WString.cpp.o)
                0x0000000000007700                String::operator[](unsigned int)
 .text._ZNK6StringixEj
                0x000000000000771c       0x14 /home/null/bcall2/build/bin/../cache/core/core_adafruit_samd_adafruit_feather_m0_073ec18e77f7e9ea5c3ca3ee503fe1c2.a(WString.cpp.o)
                0x000000000000771c                String::operator[](unsigned int) const
 .text._ZNK6String6charAtEj
                0x0000000000007730        0x8 /home/null/bcall2/build/bin/../cache/core/core_adafruit_samd_adafruit_feather_m0_073ec18e77f7e9ea5c3ca3ee503fe1c2.a(WString.cpp.o)
                0x0000000000007730                String::charAt(unsigned int) const
 .text.Dummy_Handler
                0x0000000000007738        0x2 /home/null/bcall2/build/bin/../cache/core/core_adafruit_samd_adafruit_feather_m0_073ec18e77f7e9ea5c3ca3ee503fe1c2.a(cortex_handlers.c.o)
                0x0000000000007738                DMAC_Handler
                0x0000000000007738                HardFault_Handler
                0x0000000000007738                AC_Handler
                0x0000000000007738                PendSV_Handler
                0x0000000000007738                TC7_Handler
                0x0000000000007738                SERCOM1_Handler
                0x0000000000007738                ADC_Handler
                0x0000000000007738                TCC1_Handler
                0x0000000000007738                SERCOM2_Handler
                0x0000000000007738                TCC0_Handler
                0x0000000000007738                RTC_Handler
                0x0000000000007738                TC6_Handler
                0x0000000000007738                WDT_Handler
                0x0000000000007738                TC4_Handler
                0x0000000000007738                TC3_Handler
                0x0000000000007738                Dummy_Handler
                0x0000000000007738                PM_Handler
                0x0000000000007738                SVC_Handler
                0x0000000000007738                TCC2_Handler
                0x0000000000007738                EVSYS_Handler
                0x0000000000007738                SERCOM3_Handler
                0x0000000000007738                SERCOM4_Handler
                0x0000000000007738                I2S_Handler
                0x0000000000007738                NVMCTRL_Handler
                0x0000000000007738                DAC_Handler
                0x0000000000007738                PTC_Handler
                0x0000000000007738                SYSCTRL_Handler
 *fill*         0x000000000000773a        0x2 
 .text.USB_Handler
                0x000000000000773c       0x14 /home/null/bcall2/build/bin/../cache/core/core_adafruit_samd_adafruit_feather_m0_073ec18e77f7e9ea5c3ca3ee503fe1c2.a(cortex_handlers.c.o)
                0x000000000000773c                USB_Handler
 .text.Reset_Handler
                0x0000000000007750       0x54 /home/null/bcall2/build/bin/../cache/core/core_adafruit_samd_adafruit_feather_m0_073ec18e77f7e9ea5c3ca3ee503fe1c2.a(cortex_handlers.c.o)
                0x0000000000007750                Reset_Handler
 .text.SysTick_Handler
                0x00000000000077a4       0x10 /home/null/bcall2/build/bin/../cache/core/core_adafruit_samd_adafruit_feather_m0_073ec18e77f7e9ea5c3ca3ee503fe1c2.a(cortex_handlers.c.o)
                0x00000000000077a4                SysTick_Handler
 .text.USB_SetHandler
                0x00000000000077b4        0xc /home/null/bcall2/build/bin/../cache/core/core_adafruit_samd_adafruit_feather_m0_073ec18e77f7e9ea5c3ca3ee503fe1c2.a(cortex_handlers.c.o)
                0x00000000000077b4                USB_SetHandler
 .text.millis   0x00000000000077c0        0xc /home/null/bcall2/build/bin/../cache/core/core_adafruit_samd_adafruit_feather_m0_073ec18e77f7e9ea5c3ca3ee503fe1c2.a(delay.c.o)
                0x00000000000077c0                millis
 .text.delay    0x00000000000077cc       0x20 /home/null/bcall2/build/bin/../cache/core/core_adafruit_samd_adafruit_feather_m0_073ec18e77f7e9ea5c3ca3ee503fe1c2.a(delay.c.o)
                0x00000000000077cc                delay
 .text.SysTick_DefaultHandler
                0x00000000000077ec       0x14 /home/null/bcall2/build/bin/../cache/core/core_adafruit_samd_adafruit_feather_m0_073ec18e77f7e9ea5c3ca3ee503fe1c2.a(delay.c.o)
                0x00000000000077ec                SysTick_DefaultHandler
 .text.__false  0x0000000000007800        0x4 /home/null/bcall2/build/bin/../cache/core/core_adafruit_samd_adafruit_feather_m0_073ec18e77f7e9ea5c3ca3ee503fe1c2.a(hooks.c.o)
                0x0000000000007800                sysTickHook
 .text.ltoa     0x0000000000007804       0x8a /home/null/bcall2/build/bin/../cache/core/core_adafruit_samd_adafruit_feather_m0_073ec18e77f7e9ea5c3ca3ee503fe1c2.a(itoa.c.o)
                0x0000000000007804                ltoa
 .text.itoa     0x000000000000788e        0x8 /home/null/bcall2/build/bin/../cache/core/core_adafruit_samd_adafruit_feather_m0_073ec18e77f7e9ea5c3ca3ee503fe1c2.a(itoa.c.o)
                0x000000000000788e                itoa
 .text.ultoa    0x0000000000007896       0x68 /home/null/bcall2/build/bin/../cache/core/core_adafruit_samd_adafruit_feather_m0_073ec18e77f7e9ea5c3ca3ee503fe1c2.a(itoa.c.o)
                0x0000000000007896                ultoa
 .text.utoa     0x00000000000078fe        0x8 /home/null/bcall2/build/bin/../cache/core/core_adafruit_samd_adafruit_feather_m0_073ec18e77f7e9ea5c3ca3ee503fe1c2.a(itoa.c.o)
                0x00000000000078fe                utoa
 .text._Z11initVariantv
                0x0000000000007906        0x2 /home/null/bcall2/build/bin/../cache/core/core_adafruit_samd_adafruit_feather_m0_073ec18e77f7e9ea5c3ca3ee503fe1c2.a(main.cpp.o)
                0x0000000000007906                initVariant()
 .text.startup.main
                0x0000000000007908       0x40 /home/null/bcall2/build/bin/../cache/core/core_adafruit_samd_adafruit_feather_m0_073ec18e77f7e9ea5c3ca3ee503fe1c2.a(main.cpp.o)
                0x0000000000007908                main
 .text._Znwj    0x0000000000007948        0x8 /home/null/bcall2/build/bin/../cache/core/core_adafruit_samd_adafruit_feather_m0_073ec18e77f7e9ea5c3ca3ee503fe1c2.a(new.cpp.o)
                0x0000000000007948                operator new(unsigned int)
 .text._ZdlPv   0x0000000000007950        0x8 /home/null/bcall2/build/bin/../cache/core/core_adafruit_samd_adafruit_feather_m0_073ec18e77f7e9ea5c3ca3ee503fe1c2.a(new.cpp.o)
                0x0000000000007950                operator delete(void*)
 .text.SystemInit
                0x0000000000007958      0x168 /home/null/bcall2/build/bin/../cache/core/core_adafruit_samd_adafruit_feather_m0_073ec18e77f7e9ea5c3ca3ee503fe1c2.a(startup.c.o)
                0x0000000000007958                SystemInit
 .text.init     0x0000000000007ac0       0xf0 /home/null/bcall2/build/bin/../cache/core/core_adafruit_samd_adafruit_feather_m0_073ec18e77f7e9ea5c3ca3ee503fe1c2.a(wiring.c.o)
                0x0000000000007ac0                init
 .text.analogReference
                0x0000000000007bb0       0x5c /home/null/bcall2/build/bin/../cache/core/core_adafruit_samd_adafruit_feather_m0_073ec18e77f7e9ea5c3ca3ee503fe1c2.a(wiring_analog.c.o)
                0x0000000000007bb0                analogReference
 .text.pinMode  0x0000000000007c0c       0xb4 /home/null/bcall2/build/bin/../cache/core/core_adafruit_samd_adafruit_feather_m0_073ec18e77f7e9ea5c3ca3ee503fe1c2.a(wiring_digital.c.o)
                0x0000000000007c0c                pinMode
 .text.digitalWrite
                0x0000000000007cc0       0x60 /home/null/bcall2/build/bin/../cache/core/core_adafruit_samd_adafruit_feather_m0_073ec18e77f7e9ea5c3ca3ee503fe1c2.a(wiring_digital.c.o)
                0x0000000000007cc0                digitalWrite
 .text.digitalRead
                0x0000000000007d20       0x30 /home/null/bcall2/build/bin/../cache/core/core_adafruit_samd_adafruit_feather_m0_073ec18e77f7e9ea5c3ca3ee503fe1c2.a(wiring_digital.c.o)
                0x0000000000007d20                digitalRead
 .text.pinPeripheral
                0x0000000000007d50       0xc4 /home/null/bcall2/build/bin/../cache/core/core_adafruit_samd_adafruit_feather_m0_073ec18e77f7e9ea5c3ca3ee503fe1c2.a(wiring_private.c.o)
                0x0000000000007d50                pinPeripheral
 .text.initiateReset
                0x0000000000007e14        0xc /home/null/bcall2/build/bin/../cache/core/core_adafruit_samd_adafruit_feather_m0_073ec18e77f7e9ea5c3ca3ee503fe1c2.a(Reset.cpp.o)
                0x0000000000007e14                initiateReset
 .text.cancelReset
                0x0000000000007e20       0x10 /home/null/bcall2/build/bin/../cache/core/core_adafruit_samd_adafruit_feather_m0_073ec18e77f7e9ea5c3ca3ee503fe1c2.a(Reset.cpp.o)
                0x0000000000007e20                cancelReset
 .text.tickReset
                0x0000000000007e30       0x74 /home/null/bcall2/build/bin/../cache/core/core_adafruit_samd_adafruit_feather_m0_073ec18e77f7e9ea5c3ca3ee503fe1c2.a(Reset.cpp.o)
                0x0000000000007e30                tickReset
 .text._ZN13PluggableUSB_12getInterfaceEPh
                0x0000000000007ea4       0x2a /home/null/bcall2/build/bin/../cache/core/core_adafruit_samd_adafruit_feather_m0_073ec18e77f7e9ea5c3ca3ee503fe1c2.a(PluggableUSB.cpp.o)
                0x0000000000007ea4                PluggableUSB_::getInterface(unsigned char*)
 .text._ZN13PluggableUSB_13getDescriptorER8USBSetup
                0x0000000000007ece       0x20 /home/null/bcall2/build/bin/../cache/core/core_adafruit_samd_adafruit_feather_m0_073ec18e77f7e9ea5c3ca3ee503fe1c2.a(PluggableUSB.cpp.o)
                0x0000000000007ece                PluggableUSB_::getDescriptor(USBSetup&)
 .text._ZN13PluggableUSB_12getShortNameEPc
                0x0000000000007eee       0x1e /home/null/bcall2/build/bin/../cache/core/core_adafruit_samd_adafruit_feather_m0_073ec18e77f7e9ea5c3ca3ee503fe1c2.a(PluggableUSB.cpp.o)
                0x0000000000007eee                PluggableUSB_::getShortName(char*)
 .text._ZN13PluggableUSB_5setupER8USBSetup
                0x0000000000007f0c       0x24 /home/null/bcall2/build/bin/../cache/core/core_adafruit_samd_adafruit_feather_m0_073ec18e77f7e9ea5c3ca3ee503fe1c2.a(PluggableUSB.cpp.o)
                0x0000000000007f0c                PluggableUSB_::setup(USBSetup&)
 .text._Z12PluggableUSBv
                0x0000000000007f30       0x24 /home/null/bcall2/build/bin/../cache/core/core_adafruit_samd_adafruit_feather_m0_073ec18e77f7e9ea5c3ca3ee503fe1c2.a(PluggableUSB.cpp.o)
                0x0000000000007f30                PluggableUSB()
 .text._ZN20USBDevice_SAMD21G18x5resetEv
                0x0000000000007f54       0x32 /home/null/bcall2/build/bin/../cache/core/core_adafruit_samd_adafruit_feather_m0_073ec18e77f7e9ea5c3ca3ee503fe1c2.a(SAMD21_USBDevice.cpp.o)
                0x0000000000007f54                USBDevice_SAMD21G18x::reset()
 *fill*         0x0000000000007f86        0x2 
 .text._ZN20USBDevice_SAMD21G18x9calibrateEv
                0x0000000000007f88       0x5c /home/null/bcall2/build/bin/../cache/core/core_adafruit_samd_adafruit_feather_m0_073ec18e77f7e9ea5c3ca3ee503fe1c2.a(SAMD21_USBDevice.cpp.o)
                0x0000000000007f88                USBDevice_SAMD21G18x::calibrate()
 .text.__fpclassifyd
                0x0000000000007fe4       0x60 /home/null/bcall2/lib/arduino-1.8.6/portable/packages/arduino/tools/arm-none-eabi-gcc/4.8.3-2014q1/bin/../lib/gcc/arm-none-eabi/4.8.3/../../../../arm-none-eabi/lib/armv6-m/libm.a(lib_a-s_fpclassify.o)
                0x0000000000007fe4                __fpclassifyd
 .text          0x0000000000008044       0x14 /home/null/bcall2/lib/arduino-1.8.6/portable/packages/arduino/tools/arm-none-eabi-gcc/4.8.3-2014q1/bin/../lib/gcc/arm-none-eabi/4.8.3/armv6-m/libgcc.a(_thumb1_case_uqi.o)
                0x0000000000008044                __gnu_thumb1_case_uqi
 .text          0x0000000000008058       0x9c /home/null/bcall2/lib/arduino-1.8.6/portable/packages/arduino/tools/arm-none-eabi-gcc/4.8.3-2014q1/bin/../lib/gcc/arm-none-eabi/4.8.3/armv6-m/libgcc.a(_udivsi3.o)
                0x0000000000008058                __udivsi3
                0x0000000000008058                __aeabi_uidiv
                0x00000000000080e0                __aeabi_uidivmod
 .text          0x00000000000080f4       0xc0 /home/null/bcall2/lib/arduino-1.8.6/portable/packages/arduino/tools/arm-none-eabi-gcc/4.8.3-2014q1/bin/../lib/gcc/arm-none-eabi/4.8.3/armv6-m/libgcc.a(_divsi3.o)
                0x00000000000080f4                __aeabi_idiv
                0x00000000000080f4                __divsi3
                0x00000000000081a0                __aeabi_idivmod
 .text          0x00000000000081b4        0x4 /home/null/bcall2/lib/arduino-1.8.6/portable/packages/arduino/tools/arm-none-eabi-gcc/4.8.3-2014q1/bin/../lib/gcc/arm-none-eabi/4.8.3/armv6-m/libgcc.a(_dvmd_tls.o)
                0x00000000000081b4                __aeabi_ldiv0
                0x00000000000081b4                __aeabi_idiv0
 .text          0x00000000000081b8       0x7c /home/null/bcall2/lib/arduino-1.8.6/portable/packages/arduino/tools/arm-none-eabi-gcc/4.8.3-2014q1/bin/../lib/gcc/arm-none-eabi/4.8.3/armv6-m/libgcc.a(_arm_cmpdf2.o)
                0x00000000000081b8                __aeabi_cdrcmple
                0x00000000000081c8                __aeabi_cdcmple
                0x00000000000081c8                __aeabi_cdcmpeq
                0x00000000000081d8                __aeabi_dcmpeq
                0x00000000000081e4                __aeabi_dcmplt